Component: ARM Compiler 5.06 update 6 (build 750) Tool: armlink [4d35ed]

==============================================================================

Section Cross References

    hc32_ll.o(i.LL_PERIPH_WE) refers to hc32_ll.o(i.PWC_REG_Unlock) for PWC_REG_Unlock
    hc32_ll.o(i.LL_PERIPH_WP) refers to hc32_ll.o(i.PWC_REG_Lock) for PWC_REG_Lock
    hc32_ll_clk.o(i.CLK_ClearXtalStdStatus) refers to hc32_ll_utility.o(i.DDL_AssertHandler) for DDL_AssertHandler
    hc32_ll_clk.o(i.CLK_GetBusClockFreq) refers to hc32_ll_utility.o(i.DDL_AssertHandler) for DDL_AssertHandler
    hc32_ll_clk.o(i.CLK_GetBusClockFreq) refers to system_hc32f460.o(.data) for SystemCoreClock
    hc32_ll_clk.o(i.CLK_GetClockFreq) refers to hc32_ll_clk.o(i.GetClockFreq) for GetClockFreq
    hc32_ll_clk.o(i.CLK_GetPLLClockFreq) refers to system_hc32f460.o(.data) for HRC_VALUE
    hc32_ll_clk.o(i.CLK_GetStableStatus) refers to hc32_ll_utility.o(i.DDL_AssertHandler) for DDL_AssertHandler
    hc32_ll_clk.o(i.CLK_HrcCmd) refers to hc32_ll_utility.o(i.DDL_AssertHandler) for DDL_AssertHandler
    hc32_ll_clk.o(i.CLK_HrcCmd) refers to hc32_ll_clk.o(i.CLK_WaitStable) for CLK_WaitStable
    hc32_ll_clk.o(i.CLK_HrcTrim) refers to hc32_ll_utility.o(i.DDL_AssertHandler) for DDL_AssertHandler
    hc32_ll_clk.o(i.CLK_LrcCmd) refers to hc32_ll_utility.o(i.DDL_AssertHandler) for DDL_AssertHandler
    hc32_ll_clk.o(i.CLK_LrcCmd) refers to hc32_ll_utility.o(i.DDL_DelayUS) for DDL_DelayUS
    hc32_ll_clk.o(i.CLK_LrcTrim) refers to hc32_ll_utility.o(i.DDL_AssertHandler) for DDL_AssertHandler
    hc32_ll_clk.o(i.CLK_MCOCmd) refers to hc32_ll_utility.o(i.DDL_AssertHandler) for DDL_AssertHandler
    hc32_ll_clk.o(i.CLK_MCOConfig) refers to hc32_ll_utility.o(i.DDL_AssertHandler) for DDL_AssertHandler
    hc32_ll_clk.o(i.CLK_MrcCmd) refers to hc32_ll_utility.o(i.DDL_AssertHandler) for DDL_AssertHandler
    hc32_ll_clk.o(i.CLK_MrcCmd) refers to hc32_ll_utility.o(i.DDL_DelayUS) for DDL_DelayUS
    hc32_ll_clk.o(i.CLK_MrcTrim) refers to hc32_ll_utility.o(i.DDL_AssertHandler) for DDL_AssertHandler
    hc32_ll_clk.o(i.CLK_PLLCmd) refers to hc32_ll_utility.o(i.DDL_AssertHandler) for DDL_AssertHandler
    hc32_ll_clk.o(i.CLK_PLLCmd) refers to hc32_ll_clk.o(i.CLK_WaitStable) for CLK_WaitStable
    hc32_ll_clk.o(i.CLK_PLLInit) refers to hc32_ll_utility.o(i.DDL_AssertHandler) for DDL_AssertHandler
    hc32_ll_clk.o(i.CLK_PLLInit) refers to hc32_ll_clk.o(i.CLK_PLLCmd) for CLK_PLLCmd
    hc32_ll_clk.o(i.CLK_PLLInit) refers to system_hc32f460.o(.data) for HRC_VALUE
    hc32_ll_clk.o(i.CLK_PLLxCmd) refers to hc32_ll_utility.o(i.DDL_AssertHandler) for DDL_AssertHandler
    hc32_ll_clk.o(i.CLK_PLLxCmd) refers to hc32_ll_clk.o(i.CLK_WaitStable) for CLK_WaitStable
    hc32_ll_clk.o(i.CLK_PLLxInit) refers to hc32_ll_clk.o(i.PLLxParamCheck) for PLLxParamCheck
    hc32_ll_clk.o(i.CLK_PLLxInit) refers to hc32_ll_clk.o(i.CLK_PLLxCmd) for CLK_PLLxCmd
    hc32_ll_clk.o(i.CLK_SetClockDiv) refers to hc32_ll_clk.o(i.SetSysClockDiv) for SetSysClockDiv
    hc32_ll_clk.o(i.CLK_SetClockDiv) refers to system_hc32f460.o(i.SystemCoreClockUpdate) for SystemCoreClockUpdate
    hc32_ll_clk.o(i.CLK_SetI2SClockSrc) refers to hc32_ll_utility.o(i.DDL_AssertHandler) for DDL_AssertHandler
    hc32_ll_clk.o(i.CLK_SetPLLSrc) refers to hc32_ll_utility.o(i.DDL_AssertHandler) for DDL_AssertHandler
    hc32_ll_clk.o(i.CLK_SetPeriClockSrc) refers to hc32_ll_utility.o(i.DDL_AssertHandler) for DDL_AssertHandler
    hc32_ll_clk.o(i.CLK_SetSysClockSrc) refers to hc32_ll_clk.o(i.SetSysClockSrc) for SetSysClockSrc
    hc32_ll_clk.o(i.CLK_SetSysClockSrc) refers to system_hc32f460.o(i.SystemCoreClockUpdate) for SystemCoreClockUpdate
    hc32_ll_clk.o(i.CLK_SetTpiuClockDiv) refers to hc32_ll_utility.o(i.DDL_AssertHandler) for DDL_AssertHandler
    hc32_ll_clk.o(i.CLK_SetUSBClockSrc) refers to hc32_ll_utility.o(i.DDL_AssertHandler) for DDL_AssertHandler
    hc32_ll_clk.o(i.CLK_SetUSBClockSrc) refers to hc32_ll_utility.o(i.DDL_DelayUS) for DDL_DelayUS
    hc32_ll_clk.o(i.CLK_TpiuClockCmd) refers to hc32_ll_utility.o(i.DDL_AssertHandler) for DDL_AssertHandler
    hc32_ll_clk.o(i.CLK_WaitStable) refers to hc32_ll_clk.o(i.CLK_GetStableStatus) for CLK_GetStableStatus
    hc32_ll_clk.o(i.CLK_Xtal32Cmd) refers to hc32_ll_utility.o(i.DDL_AssertHandler) for DDL_AssertHandler
    hc32_ll_clk.o(i.CLK_Xtal32Cmd) refers to hc32_ll_utility.o(i.DDL_DelayUS) for DDL_DelayUS
    hc32_ll_clk.o(i.CLK_Xtal32Init) refers to hc32_ll_utility.o(i.DDL_AssertHandler) for DDL_AssertHandler
    hc32_ll_clk.o(i.CLK_Xtal32Init) refers to hc32_ll_clk.o(i.CLK_Xtal32Cmd) for CLK_Xtal32Cmd
    hc32_ll_clk.o(i.CLK_XtalCmd) refers to hc32_ll_utility.o(i.DDL_AssertHandler) for DDL_AssertHandler
    hc32_ll_clk.o(i.CLK_XtalCmd) refers to hc32_ll_clk.o(i.CLK_WaitStable) for CLK_WaitStable
    hc32_ll_clk.o(i.CLK_XtalInit) refers to hc32_ll_utility.o(i.DDL_AssertHandler) for DDL_AssertHandler
[...]
    key_state_last                           0x1fff815b   Data           1  videoprocess.o(.data)
    key_line_state                           0x1fff815c   Data           1  videoprocess.o(.data)
    key_state_line_last                      0x1fff815d   Data           1  videoprocess.o(.data)
    .data                                    0x1fff8160   Section        8  system_hc32f460.o(.data)
    .data                                    0x1fff8168   Section       21  cm_backtrace.o(.data)
    main_stack_start_addr                    0x1fff8168   Data           4  cm_backtrace.o(.data)
    main_stack_size                          0x1fff816c   Data           4  cm_backtrace.o(.data)
    code_start_addr                          0x1fff8170   Data           4  cm_backtrace.o(.data)
    code_size                                0x1fff8174   Data           4  cm_backtrace.o(.data)
    init_ok                                  0x1fff8178   Data           1  cm_backtrace.o(.data)
    on_fault                                 0x1fff8179   Data           1  cm_backtrace.o(.data)
    stack_is_overflow                        0x1fff817a   Data           1  cm_backtrace.o(.data)
    statck_has_fpu_regs                      0x1fff817b   Data           1  cm_backtrace.o(.data)
    on_thread_before_fault                   0x1fff817c   Data           1  cm_backtrace.o(.data)
    .data                                    0x1fff8180   Section        4  stdout.o(.data)
    .bss                                     0x1fff8184   Section      512  hc32_ll_interrupts.o(.bss)
    m_apfnIrqHandler                         0x1fff8184   Data         512  hc32_ll_interrupts.o(.bss)
    .bss                                     0x1fff8384   Section      256  flash.o(.bss)
    .bss                                     0x1fff8484   Section      532  uart_dma.o(.bss)
    stcLlpDesc                               0x1fff8678   Data          32  uart_dma.o(.bss)
    .bss                                     0x1fff8698   Section      456  cm_backtrace.o(.bss)
    fw_name                                  0x1fff8698   Data          33  cm_backtrace.o(.bss)
    hw_ver                                   0x1fff86b9   Data          33  cm_backtrace.o(.bss)
    sw_ver                                   0x1fff86da   Data          33  cm_backtrace.o(.bss)
    call_stack_info                          0x1fff86fb   Data         288  cm_backtrace.o(.bss)
    regs                                     0x1fff881c   Data          68  cm_backtrace.o(.bss)
    STACK                                    0x1fff8860   Section     3072  startup_hc32f460.o(STACK)

    Global Symbols

    Symbol Name                              Value     Ov Type        Size  Object(Section)

    BuildAttributes$$THM_ISAv4$E$P$D$K$B$S$7EM$VFPi3$EXTD16$VFPS$VFMA$PE$A:L22UL41UL21$X:L11$S22US41US21$IEEE1$IW$USESV6$~STKCKD$USESV7$~SHL$OTIME$ROPI$EBA8$MICROLIB$REQ8$PRES8$EABIv2 0x00000000   Number         0  anon$$obj.o ABSOLUTE
    __ARM_use_no_argv                        0x00000000   Number         0  main.o ABSOLUTE
    _printf_a                                0x00000000   Number         0  stubs.o ABSOLUTE
    _printf_c                                0x00000000   Number         0  stubs.o ABSOLUTE
    _printf_charcount                        0x00000000   Number         0  stubs.o ABSOLUTE
    _printf_d                                0x00000000   Number         0  stubs.o ABSOLUTE
    _printf_e                                0x00000000   Number         0  stubs.o ABSOLUTE
    _printf_f                                0x00000000   Number         0  stubs.o ABSOLUTE
    _printf_flags                            0x00000000   Number         0  stubs.o ABSOLUTE
    _printf_fp_dec                           0x00000000   Number         0  stubs.o ABSOLUTE
    _printf_fp_hex                           0x00000000   Number         0  stubs.o ABSOLUTE
    _printf_g                                0x00000000   Number         0  stubs.o ABSOLUTE
    _printf_i                                0x00000000   Number         0  stubs.o ABSOLUTE
    _printf_int_dec                          0x00000000   Number         0  stubs.o ABSOLUTE
    _printf_l                                0x00000000   Number         0  stubs.o ABSOLUTE
    _printf_lc                               0x00000000   Number         0  stubs.o ABSOLUTE
    _printf_ll                               0x00000000   Number         0  stubs.o ABSOLUTE
    _printf_lld                              0x00000000   Number         0  stubs.o ABSOLUTE
    _printf_lli                              0x00000000   Number         0  stubs.o ABSOLUTE
    _printf_llo                              0x00000000   Number         0  stubs.o ABSOLUTE
    _printf_llu                              0x00000000   Number         0  stubs.o ABSOLUTE
    _printf_llx                              0x00000000   Number         0  stubs.o ABSOLUTE
    _printf_longlong_dec                     0x00000000   Number         0  stubs.o ABSOLUTE
    _printf_longlong_hex                     0x00000000   Number         0  stubs.o ABSOLUTE
    _printf_longlong_oct                     0x00000000   Number         0  stubs.o ABSOLUTE
    _printf_ls                               0x00000000   Number         0  stubs.o ABSOLUTE
    _printf_mbtowc                           0x00000000   Number         0  stubs.o ABSOLUTE
    _printf_n                                0x00000000   Number         0  stubs.o ABSOLUTE
    _printf_o                                0x00000000   Number         0  stubs.o ABSOLUTE
    _printf_p                                0x00000000   Number         0  stubs.o ABSOLUTE
    _printf_percent                          0x00000000   Number         0  stubs.o ABSOLUTE
    _printf_pre_padding                      0x00000000   Number         0  stubs.o ABSOLUTE
    _printf_return_value                     0x00000000   Number         0  stubs.o ABSOLUTE
    _printf_s                                0x00000000   Number         0  stubs.o ABSOLUTE
    _printf_sizespec                         0x00000000   Number         0  stubs.o ABSOLUTE
    _printf_str                              0x00000000   Number         0  stubs.o ABSOLUTE
    _printf_truncate_signed                  0x00000000   Number         0  stubs.o ABSOLUTE
    _printf_truncate_unsigned                0x00000000   Number         0  stubs.o ABSOLUTE
    _printf_u                                0x00000000   Number         0  stubs.o ABSOLUTE
    _printf_wc                               0x00000000   Number         0  stubs.o ABSOLUTE
    _printf_wctomb                           0x00000000   Number         0  stubs.o ABSOLUTE
    _printf_widthprec                        0x00000000   Number         0  stubs.o ABSOLUTE
    _printf_x                                0x00000000   Number         0  stubs.o ABSOLUTE
    __cpp_initialize__aeabi_                  - Undefined Weak Reference
    __cxa_finalize                            - Undefined Weak Reference
    _clock_init                               - Undefined Weak Reference
    _microlib_exit                            - Undefined Weak Reference
    __Vectors_Size                           0x00000280   Number         0  startup_hc32f460.o ABSOLUTE
    Image$$ER_IROM1$$Base                    0x00010000   Number         0  anon$$obj.o ABSOLUTE
    __Vectors                                0x00010000   Data           4  startup_hc32f460.o(RESET)
    __Vectors_End                            0x00010280   Data           0  startup_hc32f460.o(RESET)
    __main                                   0x00010281   Thumb Code     0  entry.o(.ARM.Collect$$$$00000000)
    _main_stk                                0x00010281   Thumb Code     0  entry2.o(.ARM.Collect$$$$00000001)
    _main_scatterload                        0x00010285   Thumb Code     0  entry5.o(.ARM.Collect$$$$00000004)
    __main_after_scatterload                 0x00010289   Thumb Code     0  entry5.o(.ARM.Collect$$$$00000004)
    _main_clock                              0x00010289   Thumb Code     0  entry7b.o(.ARM.Collect$$$$00000008)
    _main_cpp_init                           0x00010289   Thumb Code     0  entry8b.o(.ARM.Collect$$$$0000000A)
    _main_init                               0x00010289   Thumb Code     0  entry9a.o(.ARM.Collect$$$$0000000B)
    __rt_final_cpp                           0x00010291   Thumb Code     0  entry10a.o(.ARM.Collect$$$$0000000D)
    __rt_final_exit                          0x00010291   Thumb Code     0  entry11a.o(.ARM.Collect$$$$0000000F)
    Reset_Handler                            0x00010295   Thumb Code    48  startup_hc32f460.o(.text)
    NMI_Handler                              0x000102c5   Thumb Code     2  startup_hc32f460.o(.text)
    MemManage_Handler                        0x000102c9   Thumb Code     2  startup_hc32f460.o(.text)
    BusFault_Handler                         0x000102cb   Thumb Code     2  startup_hc32f460.o(.text)
    UsageFault_Handler                       0x000102cd   Thumb Code     2  startup_hc32f460.o(.text)
    SVC_Handler                              0x000102cf   Thumb Code     2  startup_hc32f460.o(.text)
    DebugMon_Handler                         0x000102d1   Thumb Code     2  startup_hc32f460.o(.text)
    PendSV_Handler                           0x000102d3   Thumb Code     2  startup_hc32f460.o(.text)
    SysTick_Handler                          0x000102d5   Thumb Code     2  startup_hc32f460.o(.text)
    IRQ128_Handler                           0x000102d7   Thumb Code     0  startup_hc32f460.o(.text)
    IRQ129_Handler                           0x000102d7   Thumb Code     0  startup_hc32f460.o(.text)
    IRQ130_Handler                           0x000102d7   Thumb Code     0  startup_hc32f460.o(.text)
    IRQ131_Handler                           0x000102d7   Thumb Code     0  startup_hc32f460.o(.text)
    IRQ132_Handler                           0x000102d7   Thumb Code     0  startup_hc32f460.o(.text)
    IRQ133_Handler                           0x000102d7   Thumb Code     0  startup_hc32f460.o(.text)
    IRQ134_Handler                           0x000102d7   Thumb Code     0  startup_hc32f460.o(.text)
    IRQ135_Handler                           0x000102d7   Thumb Code     0  startup_hc32f460.o(.text)
    IRQ136_Handler                           0x000102d7   Thumb Code     0  startup_hc32f460.o(.text)
    IRQ137_Handler                           0x000102d7   Thumb Code     0  startup_hc32f460.o(.text)
    IRQ138_Handler                           0x000102d7   Thumb Code     0  startup_hc32f460.o(.text)
    IRQ139_Handler                           0x000102d7   Thumb Code     0  startup_hc32f460.o(.text)
    IRQ140_Handler                           0x000102d7   Thumb Code     0  startup_hc32f460.o(.text)
    IRQ141_Handler                           0x000102d7   Thumb Code     0  startup_hc32f460.o(.text)
    IRQ142_Handler                           0x000102d7   Thumb Code     0  startup_hc32f460.o(.text)
    IRQ143_Handler                           0x000102d7   Thumb Code     0  startup_hc32f460.o(.text)
    HardFault_Handler                        0x000102ed   Thumb Code    12  cmb_fault.o(.text)
    __aeabi_uldivmod                         0x000102f9   Thumb Code    98  uldiv.o(.text)
    __aeabi_memcpy                           0x0001035b   Thumb Code    36  memcpya.o(.text)
    __aeabi_memcpy4                          0x0001035b   Thumb Code     0  memcpya.o(.text)
    __aeabi_memcpy8                          0x0001035b   Thumb Code     0  memcpya.o(.text)
    __aeabi_memset                           0x0001037f   Thumb Code    14  memseta.o(.text)
    __aeabi_memset4                          0x0001037f   Thumb Code     0  memseta.o(.text)
    __aeabi_memset8                          0x0001037f   Thumb Code     0  memseta.o(.text)
    __aeabi_memclr                           0x0001038d   Thumb Code     4  memseta.o(.text)
    __aeabi_memclr4                          0x0001038d   Thumb Code     0  memseta.o(.text)
    __aeabi_memclr8                          0x0001038d   Thumb Code     0  memseta.o(.text)
    _memset$wrapper                          0x00010391   Thumb Code    18  memseta.o(.text)
    __aeabi_ddiv                             0x000103a3   Thumb Code   222  ddiv.o(.text)
    __aeabi_ui2d                             0x00010481   Thumb Code    26  dfltui.o(.text)
    __aeabi_ul2d                             0x0001049b   Thumb Code    24  dfltul.o(.text)
    __aeabi_d2f                              0x000104b3   Thumb Code    56  d2f.o(.text)
    __aeabi_llsl                             0x000104eb   Thumb Code    30  llshl.o(.text)
    _ll_shift_l                              0x000104eb   Thumb Code     0  llshl.o(.text)
    __aeabi_llsr                             0x00010509   Thumb Code    32  llushr.o(.text)
    _ll_ushift_r                             0x00010509   Thumb Code     0  llushr.o(.text)
    __I$use$fp                               0x00010529   Thumb Code     0  iusefp.o(.text)
    _float_round                             0x00010529   Thumb Code    18  fepilogue.o(.text)
    _float_epilogue                          0x0001053b   Thumb Code    92  fepilogue.o(.text)
    _double_round                            0x00010597   Thumb Code    30  depilogue.o(.text)
    _double_epilogue                         0x000105b5   Thumb Code   156  depilogue.o(.text)
    __scatterload                            0x00010651   Thumb Code    28  init.o(.text)
    __scatterload_rt2                        0x00010651   Thumb Code     0  init.o(.text)
    __decompress                             0x00010675   Thumb Code     0  __dczerorl2.o(.text)
    __decompress1                            0x00010675   Thumb Code    86  __dczerorl2.o(.text)
    main                                     0x000106cb   Thumb Code    14  system_hc32f460.o(i.$Sub$$main)
    ADV_7280_Send_Buff                       0x000106d9   Thumb Code   132  i2c.o(i.ADV_7280_Send_Buff)
    AOS_SetTriggerEventSrc                   0x00010761   Thumb Code   192  hc32_ll_aos.o(i.AOS_SetTriggerEventSrc)
    ASC                                      0x00010855   Thumb Code   258  videoprocess.o(i.ASC)
    ASC_Not02                                0x00010957   Thumb Code   192  videoprocess.o(i.ASC_Not02)
    AV_Connecte_Set                          0x00010a19   Thumb Code   100  videoprocess.o(i.AV_Connecte_Set)
    BSP_CLK_Init                             0x00010a9d   Thumb Code   198  ev_hc32f460_lqfp100_v2.o(i.BSP_CLK_Init)
    BSP_LED_Init                             0x00010b6d   Thumb Code    50  ev_hc32f460_lqfp100_v2.o(i.BSP_LED_Init)
    BSP_LED_Off                              0x00010b9f   Thumb Code    48  ev_hc32f460_lqfp100_v2.o(i.BSP_LED_Off)
    BSP_LED_On                               0x00010bcf   Thumb Code    48  ev_hc32f460_lqfp100_v2.o(i.BSP_LED_On)
    BSP_LED_Sw                               0x00010bff   Thumb Code    78  ev_hc32f460_lqfp100_v2.o(i.BSP_LED_Sw)
    BSP_LED_Toggle                           0x00010c4d   Thumb Code    48  ev_hc32f460_lqfp100_v2.o(i.BSP_LED_Toggle)
    BSP_PRINTF_Preinit                       0x00010c7d   Thumb Code   148  ev_hc32f460_lqfp100_v2.o(i.BSP_PRINTF_Preinit)
    CLK_GetStableStatus                      0x00010d1d   Thumb Code    46  hc32_ll_clk.o(i.CLK_GetStableStatus)
    CLK_PLLCmd                               0x00010d81   Thumb Code   146  hc32_ll_clk.o(i.CLK_PLLCmd)
    CLK_PLLInit                              0x00010e4d   Thumb Code   596  hc32_ll_clk.o(i.CLK_PLLInit)
    CLK_PLLStructInit                        0x000110f5   Thumb Code    82  hc32_ll_clk.o(i.CLK_PLLStructInit)
    CLK_SetClockDiv                          0x00011147   Thumb Code    20  hc32_ll_clk.o(i.CLK_SetClockDiv)
    CLK_SetSysClockSrc                       0x0001115b   Thumb Code    16  hc32_ll_clk.o(i.CLK_SetSysClockSrc)
    CLK_XtalCmd                              0x0001119d   Thumb Code   144  hc32_ll_clk.o(i.CLK_XtalCmd)
    CLK_XtalInit                             0x00011265   Thumb Code   272  hc32_ll_clk.o(i.CLK_XtalInit)
    CLK_XtalStructInit                       0x000113ad   Thumb Code    30  hc32_ll_clk.o(i.CLK_XtalStructInit)
    C_LED_ERR_BLUE                           0x000113cd   Thumb Code    18  ev_hc32f460_lqfp100_v2.o(i.C_LED_ERR_BLUE)
    C_LED_ERR_GREEN                          0x000113e5   Thumb Code    18  ev_hc32f460_lqfp100_v2.o(i.C_LED_ERR_GREEN)
    C_LED_ERR_RED                            0x000113fd   Thumb Code    18  ev_hc32f460_lqfp100_v2.o(i.C_LED_ERR_RED)
    C_LED_OK                                 0x00011415   Thumb Code    18  ev_hc32f460_lqfp100_v2.o(i.C_LED_OK)
    Chip_Receive                             0x0001142d   Thumb Code   196  i2c.o(i.Chip_Receive)
    DDL_AssertHandler                        0x0001170d   Thumb Code    18  hc32_ll_utility.o(i.DDL_AssertHandler)
    DDL_ConsoleOutputChar                    0x00011751   Thumb Code    68  hc32_ll_utility.o(i.DDL_ConsoleOutputChar)
    DDL_DelayMS                              0x0001179d   Thumb Code    54  hc32_ll_utility.o(i.DDL_DelayMS)
    DDL_DelayUS                              0x000117dd   Thumb Code    52  hc32_ll_utility.o(i.DDL_DelayUS)
    DMA_ChCmd                                0x0001181d   Thumb Code   454  hc32_ll_dma.o(i.DMA_ChCmd)
    DMA_ClearTransCompleteStatus             0x00011a21   Thumb Code    70  hc32_ll_dma.o(i.DMA_ClearTransCompleteStatus)
    DMA_Cmd                                  0x00011aa1   Thumb Code    56  hc32_ll_dma.o(i.DMA_Cmd)
    DMA_Config                               0x00011b11   Thumb Code   426  uart_dma.o(i.DMA_Config)
    DMA_GetTransCount                        0x00011cdd   Thumb Code    74  hc32_ll_dma.o(i.DMA_GetTransCount)
    DMA_Init                                 0x00011d61   Thumb Code   310  hc32_ll_dma.o(i.DMA_Init)
    DMA_LlpInit                              0x00011ed1   Thumb Code   176  hc32_ll_dma.o(i.DMA_LlpInit)
    DMA_LlpStructInit                        0x00011fb9   Thumb Code    20  hc32_ll_dma.o(i.DMA_LlpStructInit)
    DMA_ReconfigCmd                          0x00011fcd   Thumb Code    80  hc32_ll_dma.o(i.DMA_ReconfigCmd)
    DMA_ReconfigLlpCmd                       0x00012055   Thumb Code   104  hc32_ll_dma.o(i.DMA_ReconfigLlpCmd)
    DMA_StructInit                           0x000120f5   Thumb Code    34  hc32_ll_dma.o(i.DMA_StructInit)
    DMA_TransCompleteIntCmd                  0x00012119   Thumb Code   104  hc32_ll_dma.o(i.DMA_TransCompleteIntCmd)
    EFM_ClearStatus                          0x000121b9   Thumb Code    74  hc32_ll_efm.o(i.EFM_ClearStatus)
    EFM_FWMC_Cmd                             0x00012239   Thumb Code    32  hc32_ll_efm.o(i.EFM_FWMC_Cmd)
    EFM_GetStatus                            0x0001228d   Thumb Code    52  hc32_ll_efm.o(i.EFM_GetStatus)
    EFM_Program                              0x000122f5   Thumb Code   480  hc32_ll_efm.o(i.EFM_Program)
    EFM_SectorErase                          0x00012525   Thumb Code   254  hc32_ll_efm.o(i.EFM_SectorErase)
    EFM_SetWaitCycle                         0x00012669   Thumb Code   126  hc32_ll_efm.o(i.EFM_SetWaitCycle)
    FCG_Fcg0PeriphClockCmd                   0x00012755   Thumb Code   104  hc32_ll_fcg.o(i.FCG_Fcg0PeriphClockCmd)
    FCG_Fcg1PeriphClockCmd                   0x000127f5   Thumb Code    80  hc32_ll_fcg.o(i.FCG_Fcg1PeriphClockCmd)
    FCG_Fcg2PeriphClockCmd                   0x0001287d   Thumb Code    80  hc32_ll_fcg.o(i.FCG_Fcg2PeriphClockCmd)
    FLASH_EraseSector                        0x00012905   Thumb Code    72  flash.o(i.FLASH_EraseSector)
    FLASH_ReadData                           0x0001294d   Thumb Code    94  flash.o(i.FLASH_ReadData)
    FLASH_WriteData                          0x000129ab   Thumb Code    50  flash.o(i.FLASH_WriteData)
    GPIO_AnalogCmd                           0x000129dd   Thumb Code   134  hc32_ll_gpio.o(i.GPIO_AnalogCmd)
    GPIO_Init                                0x00012a99   Thumb Code   456  hc32_ll_gpio.o(i.GPIO_Init)
    GPIO_ReadInputPins                       0x00012c95   Thumb Code    88  hc32_ll_gpio.o(i.GPIO_ReadInputPins)
    GPIO_ResetPins                           0x00012d21   Thumb Code    82  hc32_ll_gpio.o(i.GPIO_ResetPins)
    GPIO_SetFunc                             0x00012da9   Thumb Code   164  hc32_ll_gpio.o(i.GPIO_SetFunc)
    GPIO_SetPins                             0x00012e81   Thumb Code    82  hc32_ll_gpio.o(i.GPIO_SetPins)
    GPIO_SetReadWaitCycle                    0x00012f09   Thumb Code    90  hc32_ll_gpio.o(i.GPIO_SetReadWaitCycle)
    GPIO_StructInit                          0x00012f99   Thumb Code    32  hc32_ll_gpio.o(i.GPIO_StructInit)
    GPIO_TogglePins                          0x00012fb9   Thumb Code    82  hc32_ll_gpio.o(i.GPIO_TogglePins)
    I2C_AckConfig                            0x00013041   Thumb Code    80  hc32_ll_i2c.o(i.I2C_AckConfig)
    I2C_BaudrateConfig                       0x000130cd   Thumb Code   476  hc32_ll_i2c.o(i.I2C_BaudrateConfig)
    I2C_BusWaitCmd                           0x000132f9   Thumb Code    86  hc32_ll_i2c.o(i.I2C_BusWaitCmd)
    I2C_ClearStatus                          0x0001338d   Thumb Code    72  hc32_ll_i2c.o(i.I2C_ClearStatus)
    I2C_Cmd                                  0x00013415   Thumb Code    72  hc32_ll_i2c.o(i.I2C_Cmd)
    I2C_DeInit                               0x00013499   Thumb Code    56  hc32_ll_i2c.o(i.I2C_DeInit)
    I2C_GenerateRestart                      0x0001350d   Thumb Code    46  hc32_ll_i2c.o(i.I2C_GenerateRestart)
    I2C_GenerateStart                        0x00013579   Thumb Code    46  hc32_ll_i2c.o(i.I2C_GenerateStart)
    I2C_GenerateStop                         0x000135e5   Thumb Code    46  hc32_ll_i2c.o(i.I2C_GenerateStop)
    I2C_GetStatus                            0x00013651   Thumb Code    82  hc32_ll_i2c.o(i.I2C_GetStatus)
    I2C_Init                                 0x000136e5   Thumb Code   176  hc32_ll_i2c.o(i.I2C_Init)
    I2C_MasterReceiveDataAndStop             0x000137d5   Thumb Code   218  hc32_ll_i2c.o(i.I2C_MasterReceiveDataAndStop)
    I2C_Master_Transmit                      0x000138ed   Thumb Code   112  i2c.o(i.I2C_Master_Transmit)
    I2C_ReadData                             0x00013961   Thumb Code    44  hc32_ll_i2c.o(i.I2C_ReadData)
    I2C_Restart                              0x000139c9   Thumb Code    72  hc32_ll_i2c.o(i.I2C_Restart)
    I2C_SWResetCmd                           0x00013a51   Thumb Code    72  hc32_ll_i2c.o(i.I2C_SWResetCmd)
    I2C_Start                                0x00013ad5   Thumb Code    82  hc32_ll_i2c.o(i.I2C_Start)
    I2C_Stop                                 0x00013b69   Thumb Code    92  hc32_ll_i2c.o(i.I2C_Stop)
    I2C_StructInit                           0x00013c01   Thumb Code    24  hc32_ll_i2c.o(i.I2C_StructInit)
    I2C_TransAddr                            0x00013c19   Thumb Code   174  hc32_ll_i2c.o(i.I2C_TransAddr)
    I2C_TransData                            0x00013d05   Thumb Code   146  hc32_ll_i2c.o(i.I2C_TransData)
    I2C_WaitStatus                           0x00013dd5   Thumb Code   144  hc32_ll_i2c.o(i.I2C_WaitStatus)
    I2C_WriteData                            0x00013ea5   Thumb Code    46  hc32_ll_i2c.o(i.I2C_WriteData)
    INTC_IrqSignIn                           0x00013f11   Thumb Code   168  hc32_ll_interrupts.o(i.INTC_IrqSignIn)
    IRQ000_Handler                           0x00013ff9   Thumb Code    14  hc32_ll_interrupts.o(i.IRQ000_Handler)
    IRQ001_Handler                           0x0001400d   Thumb Code    14  hc32_ll_interrupts.o(i.IRQ001_Handler)
    IRQ002_Handler                           0x00014021   Thumb Code    14  hc32_ll_interrupts.o(i.IRQ002_Handler)
    IRQ003_Handler                           0x00014035   Thumb Code    14  hc32_ll_interrupts.o(i.IRQ003_Handler)
    IRQ004_Handler                           0x00014049   Thumb Code    14  hc32_ll_interrupts.o(i.IRQ004_Handler)
    IRQ005_Handler                           0x0001405d   Thumb Code    14  hc32_ll_interrupts.o(i.IRQ005_Handler)
    IRQ006_Handler                           0x00014071   Thumb Code    14  hc32_ll_interrupts.o(i.IRQ006_Handler)
    IRQ007_Handler                           0x00014085   Thumb Code    14  hc32_ll_interrupts.o(i.IRQ007_Handler)
    IRQ008_Handler                           0x00014099   Thumb Code    14  hc32_ll_interrupts.o(i.IRQ008_Handler)
    IRQ009_Handler                           0x000140ad   Thumb Code    14  hc32_ll_interrupts.o(i.IRQ009_Handler)
    IRQ010_Handler                           0x000140c1   Thumb Code    14  hc32_ll_interrupts.o(i.IRQ010_Handler)
    IRQ011_Handler                           0x000140d5   Thumb Code    14  hc32_ll_interrupts.o(i.IRQ011_Handler)
    IRQ012_Handler                           0x000140e9   Thumb Code    14  hc32_ll_interrupts.o(i.IRQ012_Handler)
    IRQ013_Handler                           0x000140fd   Thumb Code    14  hc32_ll_interrupts.o(i.IRQ013_Handler)
    IRQ014_Handler                           0x00014111   Thumb Code    14  hc32_ll_interrupts.o(i.IRQ014_Handler)
    IRQ015_Handler                           0x00014125   Thumb Code    14  hc32_ll_interrupts.o(i.IRQ015_Handler)
    IRQ016_Handler                           0x00014139   Thumb Code    14  hc32_ll_interrupts.o(i.IRQ016_Handler)
    IRQ017_Handler                           0x0001414d   Thumb Code    14  hc32_ll_interrupts.o(i.IRQ017_Handler)
    IRQ018_Handler                           0x00014161   Thumb Code    14  hc32_ll_interrupts.o(i.IRQ018_Handler)
    IRQ019_Handler                           0x00014175   Thumb Code    14  hc32_ll_interrupts.o(i.IRQ019_Handler)
    IRQ020_Handler                           0x00014189   Thumb Code    14  hc32_ll_interrupts.o(i.IRQ020_Handler)
    IRQ021_Handler                           0x0001419d   Thumb Code    14  hc32_ll_interrupts.o(i.IRQ021_Handler)
    IRQ022_Handler                           0x000141b1   Thumb Code    14  hc32_ll_interrupts.o(i.IRQ022_Handler)
    IRQ023_Handler                           0x000141c5   Thumb Code    14  hc32_ll_interrupts.o(i.IRQ023_Handler)
    IRQ024_Handler                           0x000141d9   Thumb Code    14  hc32_ll_interrupts.o(i.IRQ024_Handler)
    IRQ025_Handler                           0x000141ed   Thumb Code    14  hc32_ll_interrupts.o(i.IRQ025_Handler)
    IRQ026_Handler                           0x00014201   Thumb Code    14  hc32_ll_interrupts.o(i.IRQ026_Handler)
    IRQ027_Handler                           0x00014215   Thumb Code    14  hc32_ll_interrupts.o(i.IRQ027_Handler)
    IRQ028_Handler                           0x00014229   Thumb Code    14  hc32_ll_interrupts.o(i.IRQ028_Handler)
    IRQ029_Handler                           0x0001423d   Thumb Code    14  hc32_ll_interrupts.o(i.IRQ029_Handler)
    IRQ030_Handler                           0x00014251   Thumb Code    14  hc32_ll_interrupts.o(i.IRQ030_Handler)
    IRQ031_Handler                           0x00014265   Thumb Code    14  hc32_ll_interrupts.o(i.IRQ031_Handler)
    IRQ032_Handler                           0x00014279   Thumb Code    16  hc32_ll_interrupts.o(i.IRQ032_Handler)
    IRQ033_Handler                           0x0001428d   Thumb Code    16  hc32_ll_interrupts.o(i.IRQ033_Handler)
    IRQ034_Handler                           0x000142a1   Thumb Code    16  hc32_ll_interrupts.o(i.IRQ034_Handler)
    IRQ035_Handler                           0x000142b5   Thumb Code    16  hc32_ll_interrupts.o(i.IRQ035_Handler)
    IRQ036_Handler                           0x000142c9   Thumb Code    16  hc32_ll_interrupts.o(i.IRQ036_Handler)
    IRQ037_Handler                           0x000142dd   Thumb Code    16  hc32_ll_interrupts.o(i.IRQ037_Handler)
    IRQ038_Handler                           0x000142f1   Thumb Code    16  hc32_ll_interrupts.o(i.IRQ038_Handler)
    IRQ039_Handler                           0x00014305   Thumb Code    16  hc32_ll_interrupts.o(i.IRQ039_Handler)
    IRQ040_Handler                           0x00014319   Thumb Code    16  hc32_ll_interrupts.o(i.IRQ040_Handler)
    IRQ041_Handler                           0x0001432d   Thumb Code    16  hc32_ll_interrupts.o(i.IRQ041_Handler)
    IRQ042_Handler                           0x00014341   Thumb Code    16  hc32_ll_interrupts.o(i.IRQ042_Handler)
    IRQ043_Handler                           0x00014355   Thumb Code    16  hc32_ll_interrupts.o(i.IRQ043_Handler)
    IRQ044_Handler                           0x00014369   Thumb Code    16  hc32_ll_interrupts.o(i.IRQ044_Handler)
    IRQ045_Handler                           0x0001437d   Thumb Code    16  hc32_ll_interrupts.o(i.IRQ045_Handler)
    IRQ046_Handler                           0x00014391   Thumb Code    16  hc32_ll_interrupts.o(i.IRQ046_Handler)
    IRQ047_Handler                           0x000143a5   Thumb Code    16  hc32_ll_interrupts.o(i.IRQ047_Handler)
    IRQ048_Handler                           0x000143b9   Thumb Code    16  hc32_ll_interrupts.o(i.IRQ048_Handler)
    IRQ049_Handler                           0x000143cd   Thumb Code    16  hc32_ll_interrupts.o(i.IRQ049_Handler)
    IRQ050_Handler                           0x000143e1   Thumb Code    16  hc32_ll_interrupts.o(i.IRQ050_Handler)
    IRQ051_Handler                           0x000143f5   Thumb Code    16  hc32_ll_interrupts.o(i.IRQ051_Handler)
    IRQ052_Handler                           0x00014409   Thumb Code    16  hc32_ll_interrupts.o(i.IRQ052_Handler)
    IRQ053_Handler                           0x0001441d   Thumb Code    16  hc32_ll_interrupts.o(i.IRQ053_Handler)
    IRQ054_Handler                           0x00014431   Thumb Code    16  hc32_ll_interrupts.o(i.IRQ054_Handler)
    IRQ055_Handler                           0x00014445   Thumb Code    16  hc32_ll_interrupts.o(i.IRQ055_Handler)
    IRQ056_Handler                           0x00014459   Thumb Code    16  hc32_ll_interrupts.o(i.IRQ056_Handler)
    IRQ057_Handler                           0x0001446d   Thumb Code    16  hc32_ll_interrupts.o(i.IRQ057_Handler)
    IRQ058_Handler                           0x00014481   Thumb Code    16  hc32_ll_interrupts.o(i.IRQ058_Handler)
    IRQ059_Handler                           0x00014495   Thumb Code    16  hc32_ll_interrupts.o(i.IRQ059_Handler)
    IRQ060_Handler                           0x000144a9   Thumb Code    16  hc32_ll_interrupts.o(i.IRQ060_Handler)
    IRQ061_Handler                           0x000144bd   Thumb Code    16  hc32_ll_interrupts.o(i.IRQ061_Handler)
    IRQ062_Handler                           0x000144d1   Thumb Code    16  hc32_ll_interrupts.o(i.IRQ062_Handler)
    IRQ063_Handler                           0x000144e5   Thumb Code    16  hc32_ll_interrupts.o(i.IRQ063_Handler)
    IRQ064_Handler                           0x000144f9   Thumb Code    16  hc32_ll_interrupts.o(i.IRQ064_Handler)
    IRQ065_Handler                           0x0001450d   Thumb Code    16  hc32_ll_interrupts.o(i.IRQ065_Handler)
    IRQ066_Handler                           0x00014521   Thumb Code    16  hc32_ll_interrupts.o(i.IRQ066_Handler)
    IRQ067_Handler                           0x00014535   Thumb Code    16  hc32_ll_interrupts.o(i.IRQ067_Handler)
    IRQ068_Handler                           0x00014549   Thumb Code    16  hc32_ll_interrupts.o(i.IRQ068_Handler)
    IRQ069_Handler                           0x0001455d   Thumb Code    16  hc32_ll_interrupts.o(i.IRQ069_Handler)
    IRQ070_Handler                           0x00014571   Thumb Code    16  hc32_ll_interrupts.o(i.IRQ070_Handler)
    IRQ071_Handler                           0x00014585   Thumb Code    16  hc32_ll_interrupts.o(i.IRQ071_Handler)
    IRQ072_Handler                           0x00014599   Thumb Code    16  hc32_ll_interrupts.o(i.IRQ072_Handler)
    IRQ073_Handler                           0x000145ad   Thumb Code    16  hc32_ll_interrupts.o(i.IRQ073_Handler)
    IRQ074_Handler                           0x000145c1   Thumb Code    16  hc32_ll_interrupts.o(i.IRQ074_Handler)
    IRQ075_Handler                           0x000145d5   Thumb Code    16  hc32_ll_interrupts.o(i.IRQ075_Handler)
    IRQ076_Handler                           0x000145e9   Thumb Code    16  hc32_ll_interrupts.o(i.IRQ076_Handler)
    IRQ077_Handler                           0x000145fd   Thumb Code    16  hc32_ll_interrupts.o(i.IRQ077_Handler)
    IRQ078_Handler                           0x00014611   Thumb Code    16  hc32_ll_interrupts.o(i.IRQ078_Handler)
    IRQ079_Handler                           0x00014625   Thumb Code    16  hc32_ll_interrupts.o(i.IRQ079_Handler)
    IRQ080_Handler                           0x00014639   Thumb Code    16  hc32_ll_interrupts.o(i.IRQ080_Handler)
    IRQ081_Handler                           0x0001464d   Thumb Code    16  hc32_ll_interrupts.o(i.IRQ081_Handler)
    IRQ082_Handler                           0x00014661   Thumb Code    16  hc32_ll_interrupts.o(i.IRQ082_Handler)
    IRQ083_Handler                           0x00014675   Thumb Code    16  hc32_ll_interrupts.o(i.IRQ083_Handler)
    IRQ084_Handler                           0x00014689   Thumb Code    16  hc32_ll_interrupts.o(i.IRQ084_Handler)
    IRQ085_Handler                           0x0001469d   Thumb Code    16  hc32_ll_interrupts.o(i.IRQ085_Handler)
    IRQ086_Handler                           0x000146b1   Thumb Code    16  hc32_ll_interrupts.o(i.IRQ086_Handler)
    IRQ087_Handler                           0x000146c5   Thumb Code    16  hc32_ll_interrupts.o(i.IRQ087_Handler)
    IRQ088_Handler                           0x000146d9   Thumb Code    16  hc32_ll_interrupts.o(i.IRQ088_Handler)
    IRQ089_Handler                           0x000146ed   Thumb Code    16  hc32_ll_interrupts.o(i.IRQ089_Handler)
    IRQ090_Handler                           0x00014701   Thumb Code    16  hc32_ll_interrupts.o(i.IRQ090_Handler)
    IRQ091_Handler                           0x00014715   Thumb Code    16  hc32_ll_interrupts.o(i.IRQ091_Handler)
    IRQ092_Handler                           0x00014729   Thumb Code    16  hc32_ll_interrupts.o(i.IRQ092_Handler)
    IRQ093_Handler                           0x0001473d   Thumb Code    16  hc32_ll_interrupts.o(i.IRQ093_Handler)
    IRQ094_Handler                           0x00014751   Thumb Code    16  hc32_ll_interrupts.o(i.IRQ094_Handler)
    IRQ095_Handler                           0x00014765   Thumb Code    16  hc32_ll_interrupts.o(i.IRQ095_Handler)
    IRQ096_Handler                           0x00014779   Thumb Code    16  hc32_ll_interrupts.o(i.IRQ096_Handler)
    IRQ097_Handler                           0x0001478d   Thumb Code    16  hc32_ll_interrupts.o(i.IRQ097_Handler)
    IRQ098_Handler                           0x000147a1   Thumb Code    16  hc32_ll_interrupts.o(i.IRQ098_Handler)
    IRQ099_Handler                           0x000147b5   Thumb Code    16  hc32_ll_interrupts.o(i.IRQ099_Handler)
    IRQ100_Handler                           0x000147c9   Thumb Code    16  hc32_ll_interrupts.o(i.IRQ100_Handler)
    IRQ101_Handler                           0x000147dd   Thumb Code    16  hc32_ll_interrupts.o(i.IRQ101_Handler)
    IRQ102_Handler                           0x000147f1   Thumb Code    16  hc32_ll_interrupts.o(i.IRQ102_Handler)
    IRQ103_Handler                           0x00014805   Thumb Code    16  hc32_ll_interrupts.o(i.IRQ103_Handler)
    IRQ104_Handler                           0x00014819   Thumb Code    16  hc32_ll_interrupts.o(i.IRQ104_Handler)
    IRQ105_Handler                           0x0001482d   Thumb Code    16  hc32_ll_interrupts.o(i.IRQ105_Handler)
    IRQ106_Handler                           0x00014841   Thumb Code    16  hc32_ll_interrupts.o(i.IRQ106_Handler)
    IRQ107_Handler                           0x00014855   Thumb Code    16  hc32_ll_interrupts.o(i.IRQ107_Handler)
    IRQ108_Handler                           0x00014869   Thumb Code    16  hc32_ll_interrupts.o(i.IRQ108_Handler)
    IRQ109_Handler                           0x0001487d   Thumb Code    16  hc32_ll_interrupts.o(i.IRQ109_Handler)
    IRQ110_Handler                           0x00014891   Thumb Code    16  hc32_ll_interrupts.o(i.IRQ110_Handler)
    IRQ111_Handler                           0x000148a5   Thumb Code    16  hc32_ll_interrupts.o(i.IRQ111_Handler)
    IRQ112_Handler                           0x000148b9   Thumb Code    16  hc32_ll_interrupts.o(i.IRQ112_Handler)
    IRQ113_Handler                           0x000148cd   Thumb Code    16  hc32_ll_interrupts.o(i.IRQ113_Handler)
    IRQ114_Handler                           0x000148e1   Thumb Code    16  hc32_ll_interrupts.o(i.IRQ114_Handler)
    IRQ115_Handler                           0x000148f5   Thumb Code    16  hc32_ll_interrupts.o(i.IRQ115_Handler)
    IRQ116_Handler                           0x00014909   Thumb Code    16  hc32_ll_interrupts.o(i.IRQ116_Handler)
    IRQ117_Handler                           0x0001491d   Thumb Code    16  hc32_ll_interrupts.o(i.IRQ117_Handler)
    IRQ118_Handler                           0x00014931   Thumb Code    16  hc32_ll_interrupts.o(i.IRQ118_Handler)
    IRQ119_Handler                           0x00014945   Thumb Code    16  hc32_ll_interrupts.o(i.IRQ119_Handler)
    IRQ120_Handler                           0x00014959   Thumb Code    16  hc32_ll_interrupts.o(i.IRQ120_Handler)
    IRQ121_Handler                           0x0001496d   Thumb Code    16  hc32_ll_interrupts.o(i.IRQ121_Handler)
    IRQ122_Handler                           0x00014981   Thumb Code    16  hc32_ll_interrupts.o(i.IRQ122_Handler)
    IRQ123_Handler                           0x00014995   Thumb Code    16  hc32_ll_interrupts.o(i.IRQ123_Handler)
    IRQ124_Handler                           0x000149a9   Thumb Code    16  hc32_ll_interrupts.o(i.IRQ124_Handler)
    IRQ125_Handler                           0x000149bd   Thumb Code    16  hc32_ll_interrupts.o(i.IRQ125_Handler)
    IRQ126_Handler                           0x000149d1   Thumb Code    16  hc32_ll_interrupts.o(i.IRQ126_Handler)
    IRQ127_Handler                           0x000149e5   Thumb Code    16  hc32_ll_interrupts.o(i.IRQ127_Handler)
    LL_PERIPH_WE                             0x00014a75   Thumb Code   122  hc32_ll.o(i.LL_PERIPH_WE)
    LL_PrintfInit                            0x00014b05   Thumb Code    98  hc32_ll_utility.o(i.LL_PrintfInit)
    Master_Initialize                        0x00014bad   Thumb Code    60  i2c.o(i.Master_Initialize)
    PWC_HighSpeedToHighPerformance           0x00014c01   Thumb Code    68  hc32_ll_pwc.o(i.PWC_HighSpeedToHighPerformance)
    Read_ASW2                                0x00014cc5   Thumb Code    60  flash.o(i.Read_ASW2)
    Read_AVSW                                0x00014d09   Thumb Code    60  flash.o(i.Read_AVSW)
    Reser_Status                             0x00014d4d   Thumb Code     8  videoprocess.o(i.Reser_Status)
    SRAM_SetWaitCycle                        0x00014d59   Thumb Code   182  hc32_ll_sram.o(i.SRAM_SetWaitCycle)
    Signal_led                               0x0001527d   Thumb Code    68  videoprocess.o(i.Signal_led)
    SystemCoreClockUpdate                    0x00015549   Thumb Code   174  system_hc32f460.o(i.SystemCoreClockUpdate)
    SystemInit                               0x00015615   Thumb Code    30  system_hc32f460.o(i.SystemInit)
    TMR02_A_Config                           0x00015639   Thumb Code   216  ev_hc32f460_lqfp100_v2.o(i.TMR02_A_Config)
    TMR0_CHA_CompareIrqCallback              0x00015725   Thumb Code   388  ev_hc32f460_lqfp100_v2.o(i.TMR0_CHA_CompareIrqCallback)
    TMR0_ClearStatus                         0x000158d1   Thumb Code    70  hc32_ll_tmr0.o(i.TMR0_ClearStatus)
    TMR0_Config                              0x00015951   Thumb Code   130  uart_dma.o(i.TMR0_Config)
    TMR0_HWClearCondCmd                      0x000159d9   Thumb Code   114  hc32_ll_tmr0.o(i.TMR0_HWClearCondCmd)
    TMR0_HWStartCondCmd                      0x00015a85   Thumb Code   114  hc32_ll_tmr0.o(i.TMR0_HWStartCondCmd)
    TMR0_HWStopCondCmd                       0x00015b31   Thumb Code   114  hc32_ll_tmr0.o(i.TMR0_HWStopCondCmd)
    TMR0_Init                                0x00015bdd   Thumb Code   284  hc32_ll_tmr0.o(i.TMR0_Init)
    TMR0_IntCmd                              0x00015d31   Thumb Code   104  hc32_ll_tmr0.o(i.TMR0_IntCmd)
    TMR0_Start                               0x00015dd1   Thumb Code    66  hc32_ll_tmr0.o(i.TMR0_Start)
    TMR0_Stop                                0x00015e4d   Thumb Code    70  hc32_ll_tmr0.o(i.TMR0_Stop)
    TMR0_StructInit                          0x00015ecd   Thumb Code    26  hc32_ll_tmr0.o(i.TMR0_StructInit)
    USART_ClearStatus                        0x00016195   Thumb Code   108  hc32_ll_usart.o(i.USART_ClearStatus)
    USART_FuncCmd                            0x00016249   Thumb Code   124  hc32_ll_usart.o(i.USART_FuncCmd)
    USART_ReadData                           0x000163b5   Thumb Code    48  hc32_ll_usart.o(i.USART_ReadData)
    USART_RxError_IrqCallback                0x00016429   Thumb Code    18  uart_dma.o(i.USART_RxError_IrqCallback)
    USART_RxTimeout_IrqCallback              0x00016441   Thumb Code    64  uart_dma.o(i.USART_RxTimeout_IrqCallback)
    USART_SetBaudrate                        0x00016499   Thumb Code   206  hc32_ll_usart.o(i.USART_SetBaudrate)
    USART_SetClockDiv                        0x000165b1   Thumb Code    76  hc32_ll_usart.o(i.USART_SetClockDiv)
    USART_TxComplete_IrqCallback             0x00016641   Thumb Code    50  uart_dma.o(i.USART_TxComplete_IrqCallback)
    USART_UART_Init                          0x0001667d   Thumb Code   436  hc32_ll_usart.o(i.USART_UART_Init)
    USART_UART_StructInit                    0x00016875   Thumb Code    46  hc32_ll_usart.o(i.USART_UART_StructInit)
    Video_ReadNot2                           0x000168a5   Thumb Code   370  flash.o(i.Video_ReadNot2)
    Video_Sw                                 0x00016a55   Thumb Code    14  videoprocess.o(i.Video_Sw)
    __0printf$8                              0x00016a65   Thumb Code    22  printf8.o(i.__0printf$8)
    __1printf$8                              0x00016a65   Thumb Code     0  printf8.o(i.__0printf$8)
    __2printf                                0x00016a65   Thumb Code     0  printf8.o(i.__0printf$8)
    __0sprintf$8                             0x00016a85   Thumb Code    34  printf8.o(i.__0sprintf$8)
    __1sprintf$8                             0x00016a85   Thumb Code     0  printf8.o(i.__0sprintf$8)
    __2sprintf                               0x00016a85   Thumb Code     0  printf8.o(i.__0sprintf$8)
    __scatterload_copy                       0x00016b15   Thumb Code    14  handlers.o(i.__scatterload_copy)
    __scatterload_null                       0x00016b23   Thumb Code     2  handlers.o(i.__scatterload_null)
    __scatterload_zeroinit                   0x00016b25   Thumb Code    14  handlers.o(i.__scatterload_zeroinit)
    cm_backtrace_call_stack                  0x00016fa1   Thumb Code   208  cm_backtrace.o(i.cm_backtrace_call_stack)
    cm_backtrace_fault                       0x0001708d   Thumb Code   436  cm_backtrace.o(i.cm_backtrace_fault)
    cm_backtrace_firmware_info               0x00017319   Thumb Code    24  cm_backtrace.o(i.cm_backtrace_firmware_info)
    detect_loop                              0x000173e9   Thumb Code   234  videoprocess.o(i.detect_loop)
    detect_video_format                      0x00017519   Thumb Code   208  videoprocess.o(i.detect_video_format)
    fputc                                    0x00017a81   Thumb Code    24  hc32_ll_utility.o(i.fputc)
    i2c_init                                 0x00017dcd   Thumb Code    74  i2c.o(i.i2c_init)
    $Super$$main                             0x00017e35   Thumb Code   254  main.o(i.main)
    mem_settings                             0x00017f65   Thumb Code   164  flash.o(i.mem_settings)
    set_ace                                  0x00018135   Thumb Code    46  videoprocess.o(i.set_ace)
    set_bcsh                                 0x0001817d   Thumb Code    66  videoprocess.o(i.set_bcsh)
    set_double_line                          0x0001820d   Thumb Code    46  videoprocess.o(i.set_double_line)
    set_input                                0x00018255   Thumb Code    46  videoprocess.o(i.set_input)
    set_smooth                               0x000182a5   Thumb Code    46  videoprocess.o(i.set_smooth)
    signal_turn                              0x000182f5   Thumb Code  1712  uart_dma.o(i.signal_turn)
    uart_dma_init                            0x00018a39   Thumb Code   258  uart_dma.o(i.uart_dma_init)
    video_Deinit                             0x00018c79   Thumb Code    40  videoprocess.o(i.video_Deinit)
    video_init                               0x00018cb1   Thumb Code   226  videoprocess.o(i.video_init)
    I2C_COMMANDS_I2P_OFF_p                   0x00018de4   Data           6  videoprocess.o(.constdata)
    Region$$Table$$Base                      0x00019534   Number         0  anon$$obj.o(Region$$Table)
    Image$$ER_IROM1$$Limit                   0x00019554   Number         0  anon$$obj.o ABSOLUTE
    Region$$Table$$Limit                     0x00019554   Number         0  anon$$obj.o(Region$$Table)
    g_u16_sys_timer                          0x1fff8018   Data           2  ev_hc32f460_lqfp100_v2.o(.data)
    g_u16_key_timer                          0x1fff801a   Data           2  ev_hc32f460_lqfp100_v2.o(.data)
    g_u16_mis_timer                          0x1fff801c   Data           2  ev_hc32f460_lqfp100_v2.o(.data)
    g_u16_osd_timer                          0x1fff801e   Data           2  ev_hc32f460_lqfp100_v2.o(.data)
    g_u16_rgbs_timer                         0x1fff8020   Data           2  ev_hc32f460_lqfp100_v2.o(.data)
    g_u16_led_timer                          0x1fff8022   Data           2  ev_hc32f460_lqfp100_v2.o(.data)
    led_state                                0x1fff8024   Data           1  ev_hc32f460_lqfp100_v2.o(.data)
    led_sw                                   0x1fff8025   Data           1  ev_hc32f460_lqfp100_v2.o(.data)
    m_u8SpeedUpd                             0x1fff8034   Data           1  main.o(.data)
    btn_flag                                 0x1fff8044   Data           1  videoprocess.o(.data)
    Adv_7391_sw                              0x1fff8046   Data           1  videoprocess.o(.data)
    adv_input                                0x1fff8047   Data           1  videoprocess.o(.data)
    adv_double                               0x1fff8048   Data           1  videoprocess.o(.data)
    adv_smooth                               0x1fff8049   Data           1  videoprocess.o(.data)
    adv_ace                                  0x1fff804a   Data           1  videoprocess.o(.data)
    adv_sw                                   0x1fff804b   Data           1  videoprocess.o(.data)
    adv_tv                                   0x1fff804c   Data           1  videoprocess.o(.data)
    err_flag                                 0x1fff804d   Data           1  videoprocess.o(.data)
    c_state                                  0x1fff804e   Data           1  videoprocess.o(.data)
    Bright                                   0x1fff804f   Data           1  videoprocess.o(.data)
    Contrast                                 0x1fff8050   Data           1  videoprocess.o(.data)
    Saturation                               0x1fff8051   Data           1  videoprocess.o(.data)
    asw_01                                   0x1fff8052   Data           1  videoprocess.o(.data)
    asw_02                                   0x1fff8053   Data           1  videoprocess.o(.data)
    asw_03                                   0x1fff8054   Data           1  videoprocess.o(.data)
    asw_04                                   0x1fff8055   Data           1  videoprocess.o(.data)
    AVsw                                     0x1fff8056   Data           1  videoprocess.o(.data)
    Input_signal                             0x1fff8057   Data           1  videoprocess.o(.data)
    I2C_COMMANDS_I2P_ON                      0x1fff8058   Data           6  videoprocess.o(.data)
    I2C_COMMANDS_I2P_OFF_576i                0x1fff805e   Data          45  videoprocess.o(.data)
    I2C_COMMANDS_SMOOTH_OFF                  0x1fff808b   Data           9  videoprocess.o(.data)
    I2C_COMMANDS_SMOOTH_ON                   0x1fff8094   Data           9  videoprocess.o(.data)
    I2C_COMMANDS_BCSH                        0x1fff809d   Data          15  videoprocess.o(.data)
    I2C_COMMANDS_YC_INPUT                    0x1fff80ac   Data          15  videoprocess.o(.data)
    I2C_COMMANDS_CVBS_INPUT                  0x1fff80bb   Data          15  videoprocess.o(.data)
    I2C_AUTO_COMMANDS                        0x1fff80ca   Data         114  videoprocess.o(.data)
    Ace_Code_ON                              0x1fff813c   Data           9  videoprocess.o(.data)
    Ace_Code_OFF                             0x1fff8145   Data           9  videoprocess.o(.data)
    I2C_COMMANDS_525p_CONFIG                 0x1fff814e   Data           6  videoprocess.o(.data)
    I2C_COMMANDS_625p_CONFIG                 0x1fff8154   Data           6  videoprocess.o(.data)
    SystemCoreClock                          0x1fff8160   Data           4  system_hc32f460.o(.data)
    HRC_VALUE                                0x1fff8164   Data           4  system_hc32f460.o(.data)
    __stdout                                 0x1fff8180   Data           4  stdout.o(.data)
    u8_buf                                   0x1fff8384   Data         256  flash.o(.bss)
    dma_au8RxBuf                             0x1fff8484   Data         500  uart_dma.o(.bss)
    STACK$$Base                              0x1fff8860   Number         0  startup_hc32f460.o(STACK)
    STACK$$Limit                             0x1fff9460   Number         0  startup_hc32f460.o(STACK)
    __initial_sp                             0x1fff9460   Data           0  startup_hc32f460.o(STACK)



==============================================================================

Memory Map of the image

  Image Entry point : 0x00010281

  Load Region LR_IROM1 (Base: 0x00010000, Size: 0x000096d8, Max: 0x00060000, ABSOLUTE, COMPRESSED[0x0000962c])

    Execution Region ER_IROM1 (Exec base: 0x00010000, Load base: 0x00010000, Size: 0x00009554, Max: 0x00060000, ABSOLUTE)

    Exec Addr    Load Addr    Size         Type   Attr      Idx    E Section Name        Object

    0x00010000   0x00010000   0x00000280   Data   RO         4097    RESET               startup_hc32f460.o
    0x00010280   0x00010280   0x00000000   Code   RO         4202  * .ARM.Collect$$$$00000000  mc_w.l(entry.o)
    0x00010280   0x00010280   0x00000004   Code   RO         4487    .ARM.Collect$$$$00000001  mc_w.l(entry2.o)
    0x00010284   0x00010284   0x00000004   Code   RO         4490    .ARM.Collect$$$$00000004  mc_w.l(entry5.o)
    0x00010288   0x00010288   0x00000000   Code   RO         4492    .ARM.Collect$$$$00000008  mc_w.l(entry7b.o)
    0x00010288   0x00010288   0x00000000   Code   RO         4494    .ARM.Collect$$$$0000000A  mc_w.l(entry8b.o)
    0x00010288   0x00010288   0x00000008   Code   RO         4495    .ARM.Collect$$$$0000000B  mc_w.l(entry9a.o)
    0x00010290   0x00010290   0x00000000   Code   RO         4497    .ARM.Collect$$$$0000000D  mc_w.l(entry10a.o)
    0x00010290   0x00010290   0x00000000   Code   RO         4499    .ARM.Collect$$$$0000000F  mc_w.l(entry11a.o)
    0x00010290   0x00010290   0x00000004   Code   RO         4488    .ARM.Collect$$$$00002712  mc_w.l(entry2.o)
    0x00010294   0x00010294   0x00000058   Code   RO         4098    .text               startup_hc32f460.o
    0x000102ec   0x000102ec   0x0000000c   Code   RO         4198    .text               cmb_fault.o
    0x000102f8   0x000102f8   0x00000062   Code   RO         4208    .text               mc_w.l(uldiv.o)
    0x0001035a   0x0001035a   0x00000024   Code   RO         4210    .text               mc_w.l(memcpya.o)
    0x0001037e   0x0001037e   0x00000024   Code   RO         4212    .text               mc_w.l(memseta.o)
    0x000103a2   0x000103a2   0x000000de   Code   RO         4479    .text               mf_w.l(ddiv.o)
    0x00010480   0x00010480   0x0000001a   Code   RO         4481    .text               mf_w.l(dfltui.o)
    0x0001049a   0x0001049a   0x00000018   Code   RO         4483    .text               mf_w.l(dfltul.o)
    0x000104b2   0x000104b2   0x00000038   Code   RO         4485    .text               mf_w.l(d2f.o)
    0x000104ea   0x000104ea   0x0000001e   Code   RO         4503    .text               mc_w.l(llshl.o)
    0x00010508   0x00010508   0x00000020   Code   RO         4505    .text               mc_w.l(llushr.o)
    0x00010528   0x00010528   0x00000000   Code   RO         4507    .text               mc_w.l(iusefp.o)
    0x00010528   0x00010528   0x0000006e   Code   RO         4508    .text               mf_w.l(fepilogue.o)
    0x00010596   0x00010596   0x000000ba   Code   RO         4510    .text               mf_w.l(depilogue.o)
    0x00010650   0x00010650   0x00000024   Code   RO         4520    .text               mc_w.l(init.o)
    0x00010674   0x00010674   0x00000056   Code   RO         4532    .text               mc_w.l(__dczerorl2.o)
    0x000106ca   0x000106ca   0x0000000e   Code   RO         4056    i.$Sub$$main        system_hc32f460.o
    0x000106d8   0x000106d8   0x00000088   Code   RO         3755    i.ADV_7280_Send_Buff  i2c.o
    0x00010760   0x00010760   0x000000f4   Code   RO         2964    i.AOS_SetTriggerEventSrc  hc32_ll_aos.o
    0x00010854   0x00010854   0x00000102   Code   RO         3922    i.ASC               videoprocess.o
    0x00010956   0x00010956   0x000000c0   Code   RO         3923    i.ASC_Not02         videoprocess.o
    0x00010a16   0x00010a16   0x00000002   PAD
    0x00010a18   0x00010a18   0x00000084   Code   RO         3924    i.AV_Connecte_Set   videoprocess.o
    0x00010a9c   0x00010a9c   0x000000d0   Code   RO         3282    i.BSP_CLK_Init      ev_hc32f460_lqfp100_v2.o
    0x00010b6c   0x00010b6c   0x00000032   Code   RO         3283    i.BSP_LED_Init      ev_hc32f460_lqfp100_v2.o
    0x00010b9e   0x00010b9e   0x00000030   Code   RO         3284    i.BSP_LED_Off       ev_hc32f460_lqfp100_v2.o
    0x00010bce   0x00010bce   0x00000030   Code   RO         3285    i.BSP_LED_On        ev_hc32f460_lqfp100_v2.o
    0x00010bfe   0x00010bfe   0x0000004e   Code   RO         3286    i.BSP_LED_Sw        ev_hc32f460_lqfp100_v2.o
    0x00010c4c   0x00010c4c   0x00000030   Code   RO         3287    i.BSP_LED_Toggle    ev_hc32f460_lqfp100_v2.o
    0x00010c7c   0x00010c7c   0x000000a0   Code   RO         3288    i.BSP_PRINTF_Preinit  ev_hc32f460_lqfp100_v2.o
    0x00010d1c   0x00010d1c   0x00000064   Code   RO          141    i.CLK_GetStableStatus  hc32_ll_clk.o
    0x00010d80   0x00010d80   0x000000cc   Code   RO          151    i.CLK_PLLCmd        hc32_ll_clk.o
    0x00010e4c   0x00010e4c   0x000002a8   Code   RO          152    i.CLK_PLLInit       hc32_ll_clk.o
    0x000110f4   0x000110f4   0x00000052   Code   RO          153    i.CLK_PLLStructInit  hc32_ll_clk.o
    0x00011146   0x00011146   0x00000014   Code   RO          157    i.CLK_SetClockDiv   hc32_ll_clk.o
    0x0001115a   0x0001115a   0x00000010   Code   RO          161    i.CLK_SetSysClockSrc  hc32_ll_clk.o
    0x0001116a   0x0001116a   0x00000030   Code   RO          165    i.CLK_WaitStable    hc32_ll_clk.o
    0x0001119a   0x0001119a   0x00000002   PAD
    0x0001119c   0x0001119c   0x000000c8   Code   RO          169    i.CLK_XtalCmd       hc32_ll_clk.o
    0x00011264   0x00011264   0x00000148   Code   RO          170    i.CLK_XtalInit      hc32_ll_clk.o
    0x000113ac   0x000113ac   0x0000001e   Code   RO          173    i.CLK_XtalStructInit  hc32_ll_clk.o
    0x000113ca   0x000113ca   0x00000002   PAD
    0x000113cc   0x000113cc   0x00000018   Code   RO         3290    i.C_LED_ERR_BLUE    ev_hc32f460_lqfp100_v2.o
    0x000113e4   0x000113e4   0x00000018   Code   RO         3291    i.C_LED_ERR_GREEN   ev_hc32f460_lqfp100_v2.o
    0x000113fc   0x000113fc   0x00000018   Code   RO         3292    i.C_LED_ERR_RED     ev_hc32f460_lqfp100_v2.o
    0x00011414   0x00011414   0x00000018   Code   RO         3293    i.C_LED_OK          ev_hc32f460_lqfp100_v2.o
    0x0001142c   0x0001142c   0x000000c8   Code   RO         3756    i.Chip_Receive      i2c.o
    0x000114f4   0x000114f4   0x00000218   Code   RO         2044    i.ClockSync_CalculateBrr  hc32_ll_usart.o
    0x0001170c   0x0001170c   0x00000044   Code   RO         2315    i.DDL_AssertHandler  hc32_ll_utility.o
    0x00011750   0x00011750   0x0000004c   Code   RO         2316    i.DDL_ConsoleOutputChar  hc32_ll_utility.o
    0x0001179c   0x0001179c   0x00000040   Code   RO         2317    i.DDL_DelayMS       hc32_ll_utility.o
    0x000117dc   0x000117dc   0x00000040   Code   RO         2318    i.DDL_DelayUS       hc32_ll_utility.o
    0x0001181c   0x0001181c   0x00000204   Code   RO         2993    i.DMA_ChCmd         hc32_ll_dma.o
    0x00011a20   0x00011a20   0x00000080   Code   RO         2995    i.DMA_ClearTransCompleteStatus  hc32_ll_dma.o
    0x00011aa0   0x00011aa0   0x00000070   Code   RO         2996    i.DMA_Cmd           hc32_ll_dma.o
    0x00011b10   0x00011b10   0x000001cc   Code   RO         3811    i.DMA_Config        uart_dma.o
    0x00011cdc   0x00011cdc   0x00000084   Code   RO         3011    i.DMA_GetTransCount  hc32_ll_dma.o
    0x00011d60   0x00011d60   0x00000170   Code   RO         3013    i.DMA_Init          hc32_ll_dma.o
    0x00011ed0   0x00011ed0   0x000000e8   Code   RO         3015    i.DMA_LlpInit       hc32_ll_dma.o
    0x00011fb8   0x00011fb8   0x00000014   Code   RO         3016    i.DMA_LlpStructInit  hc32_ll_dma.o
    0x00011fcc   0x00011fcc   0x00000088   Code   RO         3019    i.DMA_ReconfigCmd   hc32_ll_dma.o
    0x00012054   0x00012054   0x000000a0   Code   RO         3021    i.DMA_ReconfigLlpCmd  hc32_ll_dma.o
    0x000120f4   0x000120f4   0x00000022   Code   RO         3036    i.DMA_StructInit    hc32_ll_dma.o
    0x00012116   0x00012116   0x00000002   PAD
    0x00012118   0x00012118   0x000000a0   Code   RO         3037    i.DMA_TransCompleteIntCmd  hc32_ll_dma.o
    0x000121b8   0x000121b8   0x00000080   Code   RO          398    i.EFM_ClearStatus   hc32_ll_efm.o
    0x00012238   0x00012238   0x00000054   Code   RO          401    i.EFM_FWMC_Cmd      hc32_ll_efm.o
    0x0001228c   0x0001228c   0x00000068   Code   RO          403    i.EFM_GetStatus     hc32_ll_efm.o
    0x000122f4   0x000122f4   0x00000230   Code   RO          410    i.EFM_Program       hc32_ll_efm.o
    0x00012524   0x00012524   0x00000144   Code   RO          421    i.EFM_SectorErase   hc32_ll_efm.o
    0x00012668   0x00012668   0x000000bc   Code   RO          424    i.EFM_SetWaitCycle  hc32_ll_efm.o
    0x00012724   0x00012724   0x00000030   Code   RO          427    i.EFM_WaitFlag      hc32_ll_efm.o
    0x00012754   0x00012754   0x000000a0   Code   RO         2432    i.FCG_Fcg0PeriphClockCmd  hc32_ll_fcg.o
    0x000127f4   0x000127f4   0x00000088   Code   RO         2433    i.FCG_Fcg1PeriphClockCmd  hc32_ll_fcg.o
    0x0001287c   0x0001287c   0x00000088   Code   RO         2434    i.FCG_Fcg2PeriphClockCmd  hc32_ll_fcg.o
    0x00012904   0x00012904   0x00000048   Code   RO         3666    i.FLASH_EraseSector  flash.o
    0x0001294c   0x0001294c   0x0000005e   Code   RO         3667    i.FLASH_ReadData    flash.o
    0x000129aa   0x000129aa   0x00000032   Code   RO         3668    i.FLASH_WriteData   flash.o
    0x000129dc   0x000129dc   0x000000bc   Code   RO          614    i.GPIO_AnalogCmd    hc32_ll_gpio.o
    0x00012a98   0x00012a98   0x000001fc   Code   RO          616    i.GPIO_Init         hc32_ll_gpio.o
    0x00012c94   0x00012c94   0x0000008c   Code   RO          619    i.GPIO_ReadInputPins  hc32_ll_gpio.o
    0x00012d20   0x00012d20   0x00000088   Code   RO          623    i.GPIO_ResetPins    hc32_ll_gpio.o
    0x00012da8   0x00012da8   0x000000d8   Code   RO          625    i.GPIO_SetFunc      hc32_ll_gpio.o
    0x00012e80   0x00012e80   0x00000088   Code   RO          626    i.GPIO_SetPins      hc32_ll_gpio.o
    0x00012f08   0x00012f08   0x00000090   Code   RO          627    i.GPIO_SetReadWaitCycle  hc32_ll_gpio.o
    0x00012f98   0x00012f98   0x00000020   Code   RO          629    i.GPIO_StructInit   hc32_ll_gpio.o
    0x00012fb8   0x00012fb8   0x00000088   Code   RO          631    i.GPIO_TogglePins   hc32_ll_gpio.o
    0x00013040   0x00013040   0x0000008c   Code   RO         2606    i.I2C_AckConfig     hc32_ll_i2c.o
    0x000130cc   0x000130cc   0x0000022c   Code   RO         2608    i.I2C_BaudrateConfig  hc32_ll_i2c.o
    0x000132f8   0x000132f8   0x00000094   Code   RO         2609    i.I2C_BusWaitCmd    hc32_ll_i2c.o
    0x0001338c   0x0001338c   0x00000088   Code   RO         2610    i.I2C_ClearStatus   hc32_ll_i2c.o
    0x00013414   0x00013414   0x00000084   Code   RO         2611    i.I2C_Cmd           hc32_ll_i2c.o
    0x00013498   0x00013498   0x00000074   Code   RO         2612    i.I2C_DeInit        hc32_ll_i2c.o
    0x0001350c   0x0001350c   0x0000006c   Code   RO         2617    i.I2C_GenerateRestart  hc32_ll_i2c.o
    0x00013578   0x00013578   0x0000006c   Code   RO         2618    i.I2C_GenerateStart  hc32_ll_i2c.o
    0x000135e4   0x000135e4   0x0000006c   Code   RO         2619    i.I2C_GenerateStop  hc32_ll_i2c.o
    0x00013650   0x00013650   0x00000094   Code   RO         2620    i.I2C_GetStatus     hc32_ll_i2c.o
    0x000136e4   0x000136e4   0x000000f0   Code   RO         2621    i.I2C_Init          hc32_ll_i2c.o
    0x000137d4   0x000137d4   0x00000118   Code   RO         2623    i.I2C_MasterReceiveDataAndStop  hc32_ll_i2c.o
    0x000138ec   0x000138ec   0x00000074   Code   RO         3758    i.I2C_Master_Transmit  i2c.o
    0x00013960   0x00013960   0x00000068   Code   RO         2624    i.I2C_ReadData      hc32_ll_i2c.o
    0x000139c8   0x000139c8   0x00000088   Code   RO         2626    i.I2C_Restart       hc32_ll_i2c.o
    0x00013a50   0x00013a50   0x00000084   Code   RO         2632    i.I2C_SWResetCmd    hc32_ll_i2c.o
    0x00013ad4   0x00013ad4   0x00000094   Code   RO         2637    i.I2C_Start         hc32_ll_i2c.o
    0x00013b68   0x00013b68   0x00000098   Code   RO         2638    i.I2C_Stop          hc32_ll_i2c.o
    0x00013c00   0x00013c00   0x00000018   Code   RO         2639    i.I2C_StructInit    hc32_ll_i2c.o
    0x00013c18   0x00013c18   0x000000ec   Code   RO         2641    i.I2C_TransAddr     hc32_ll_i2c.o
    0x00013d04   0x00013d04   0x000000d0   Code   RO         2642    i.I2C_TransData     hc32_ll_i2c.o
    0x00013dd4   0x00013dd4   0x000000d0   Code   RO         2643    i.I2C_WaitStatus    hc32_ll_i2c.o
    0x00013ea4   0x00013ea4   0x0000006c   Code   RO         2644    i.I2C_WriteData     hc32_ll_i2c.o
    0x00013f10   0x00013f10   0x000000e8   Code   RO          757    i.INTC_IrqSignIn    hc32_ll_interrupts.o
    0x00013ff8   0x00013ff8   0x00000014   Code   RO          762    i.IRQ000_Handler    hc32_ll_interrupts.o
    0x0001400c   0x0001400c   0x00000014   Code   RO          763    i.IRQ001_Handler    hc32_ll_interrupts.o
    0x00014020   0x00014020   0x00000014   Code   RO          764    i.IRQ002_Handler    hc32_ll_interrupts.o
    0x00014034   0x00014034   0x00000014   Code   RO          765    i.IRQ003_Handler    hc32_ll_interrupts.o
    0x00014048   0x00014048   0x00000014   Code   RO          766    i.IRQ004_Handler    hc32_ll_interrupts.o
    0x0001405c   0x0001405c   0x00000014   Code   RO          767    i.IRQ005_Handler    hc32_ll_interrupts.o
    0x00014070   0x00014070   0x00000014   Code   RO          768    i.IRQ006_Handler    hc32_ll_interrupts.o
    0x00014084   0x00014084   0x00000014   Code   RO          769    i.IRQ007_Handler    hc32_ll_interrupts.o
    0x00014098   0x00014098   0x00000014   Code   RO          770    i.IRQ008_Handler    hc32_ll_interrupts.o
    0x000140ac   0x000140ac   0x00000014   Code   RO          771    i.IRQ009_Handler    hc32_ll_interrupts.o
    0x000140c0   0x000140c0   0x00000014   Code   RO          772    i.IRQ010_Handler    hc32_ll_interrupts.o
    0x000140d4   0x000140d4   0x00000014   Code   RO          773    i.IRQ011_Handler    hc32_ll_interrupts.o
    0x000140e8   0x000140e8   0x00000014   Code   RO          774    i.IRQ012_Handler    hc32_ll_interrupts.o
    0x000140fc   0x000140fc   0x00000014   Code   RO          775    i.IRQ013_Handler    hc32_ll_interrupts.o
    0x00014110   0x00014110   0x00000014   Code   RO          776    i.IRQ014_Handler    hc32_ll_interrupts.o
    0x00014124   0x00014124   0x00000014   Code   RO          777    i.IRQ015_Handler    hc32_ll_interrupts.o
    0x00014138   0x00014138   0x00000014   Code   RO          778    i.IRQ016_Handler    hc32_ll_interrupts.o
    0x0001414c   0x0001414c   0x00000014   Code   RO          779    i.IRQ017_Handler    hc32_ll_interrupts.o
    0x00014160   0x00014160   0x00000014   Code   RO          780    i.IRQ018_Handler    hc32_ll_interrupts.o
    0x00014174   0x00014174   0x00000014   Code   RO          781    i.IRQ019_Handler    hc32_ll_interrupts.o
    0x00014188   0x00014188   0x00000014   Code   RO          782    i.IRQ020_Handler    hc32_ll_interrupts.o
    0x0001419c   0x0001419c   0x00000014   Code   RO          783    i.IRQ021_Handler    hc32_ll_interrupts.o
    0x000141b0   0x000141b0   0x00000014   Code   RO          784    i.IRQ022_Handler    hc32_ll_interrupts.o
    0x000141c4   0x000141c4   0x00000014   Code   RO          785    i.IRQ023_Handler    hc32_ll_interrupts.o
    0x000141d8   0x000141d8   0x00000014   Code   RO          786    i.IRQ024_Handler    hc32_ll_interrupts.o
    0x000141ec   0x000141ec   0x00000014   Code   RO          787    i.IRQ025_Handler    hc32_ll_interrupts.o
    0x00014200   0x00014200   0x00000014   Code   RO          788    i.IRQ026_Handler    hc32_ll_interrupts.o
    0x00014214   0x00014214   0x00000014   Code   RO          789    i.IRQ027_Handler    hc32_ll_interrupts.o
    0x00014228   0x00014228   0x00000014   Code   RO          790    i.IRQ028_Handler    hc32_ll_interrupts.o
    0x0001423c   0x0001423c   0x00000014   Code   RO          791    i.IRQ029_Handler    hc32_ll_interrupts.o
    0x00014250   0x00014250   0x00000014   Code   RO          792    i.IRQ030_Handler    hc32_ll_interrupts.o
    0x00014264   0x00014264   0x00000014   Code   RO          793    i.IRQ031_Handler    hc32_ll_interrupts.o
    0x00014278   0x00014278   0x00000014   Code   RO          794    i.IRQ032_Handler    hc32_ll_interrupts.o
    0x0001428c   0x0001428c   0x00000014   Code   RO          795    i.IRQ033_Handler    hc32_ll_interrupts.o
    0x000142a0   0x000142a0   0x00000014   Code   RO          796    i.IRQ034_Handler    hc32_ll_interrupts.o
    0x000142b4   0x000142b4   0x00000014   Code   RO          797    i.IRQ035_Handler    hc32_ll_interrupts.o
    0x000142c8   0x000142c8   0x00000014   Code   RO          798    i.IRQ036_Handler    hc32_ll_interrupts.o
    0x000142dc   0x000142dc   0x00000014   Code   RO          799    i.IRQ037_Handler    hc32_ll_interrupts.o
    0x000142f0   0x000142f0   0x00000014   Code   RO          800    i.IRQ038_Handler    hc32_ll_interrupts.o
    0x00014304   0x00014304   0x00000014   Code   RO          801    i.IRQ039_Handler    hc32_ll_interrupts.o
    0x00014318   0x00014318   0x00000014   Code   RO          802    i.IRQ040_Handler    hc32_ll_interrupts.o
    0x0001432c   0x0001432c   0x00000014   Code   RO          803    i.IRQ041_Handler    hc32_ll_interrupts.o
    0x00014340   0x00014340   0x00000014   Code   RO          804    i.IRQ042_Handler    hc32_ll_interrupts.o
    0x00014354   0x00014354   0x00000014   Code   RO          805    i.IRQ043_Handler    hc32_ll_interrupts.o
    0x00014368   0x00014368   0x00000014   Code   RO          806    i.IRQ044_Handler    hc32_ll_interrupts.o
    0x0001437c   0x0001437c   0x00000014   Code   RO          807    i.IRQ045_Handler    hc32_ll_interrupts.o
    0x00014390   0x00014390   0x00000014   Code   RO          808    i.IRQ046_Handler    hc32_ll_interrupts.o
    0x000143a4   0x000143a4   0x00000014   Code   RO          809    i.IRQ047_Handler    hc32_ll_interrupts.o
    0x000143b8   0x000143b8   0x00000014   Code   RO          810    i.IRQ048_Handler    hc32_ll_interrupts.o
    0x000143cc   0x000143cc   0x00000014   Code   RO          811    i.IRQ049_Handler    hc32_ll_interrupts.o
    0x000143e0   0x000143e0   0x00000014   Code   RO          812    i.IRQ050_Handler    hc32_ll_interrupts.o
    0x000143f4   0x000143f4   0x00000014   Code   RO          813    i.IRQ051_Handler    hc32_ll_interrupts.o
    0x00014408   0x00014408   0x00000014   Code   RO          814    i.IRQ052_Handler    hc32_ll_interrupts.o
    0x0001441c   0x0001441c   0x00000014   Code   RO          815    i.IRQ053_Handler    hc32_ll_interrupts.o
    0x00014430   0x00014430   0x00000014   Code   RO          816    i.IRQ054_Handler    hc32_ll_interrupts.o
    0x00014444   0x00014444   0x00000014   Code   RO          817    i.IRQ055_Handler    hc32_ll_interrupts.o
    0x00014458   0x00014458   0x00000014   Code   RO          818    i.IRQ056_Handler    hc32_ll_interrupts.o
    0x0001446c   0x0001446c   0x00000014   Code   RO          819    i.IRQ057_Handler    hc32_ll_interrupts.o
    0x00014480   0x00014480   0x00000014   Code   RO          820    i.IRQ058_Handler    hc32_ll_interrupts.o
    0x00014494   0x00014494   0x00000014   Code   RO          821    i.IRQ059_Handler    hc32_ll_interrupts.o
    0x000144a8   0x000144a8   0x00000014   Code   RO          822    i.IRQ060_Handler    hc32_ll_interrupts.o
    0x000144bc   0x000144bc   0x00000014   Code   RO          823    i.IRQ061_Handler    hc32_ll_interrupts.o
    0x000144d0   0x000144d0   0x00000014   Code   RO          824    i.IRQ062_Handler    hc32_ll_interrupts.o
    0x000144e4   0x000144e4   0x00000014   Code   RO          825    i.IRQ063_Handler    hc32_ll_interrupts.o
    0x000144f8   0x000144f8   0x00000014   Code   RO          826    i.IRQ064_Handler    hc32_ll_interrupts.o
    0x0001450c   0x0001450c   0x00000014   Code   RO          827    i.IRQ065_Handler    hc32_ll_interrupts.o
    0x00014520   0x00014520   0x00000014   Code   RO          828    i.IRQ066_Handler    hc32_ll_interrupts.o
    0x00014534   0x00014534   0x00000014   Code   RO          829    i.IRQ067_Handler    hc32_ll_interrupts.o
    0x00014548   0x00014548   0x00000014   Code   RO          830    i.IRQ068_Handler    hc32_ll_interrupts.o
    0x0001455c   0x0001455c   0x00000014   Code   RO          831    i.IRQ069_Handler    hc32_ll_interrupts.o
    0x00014570   0x00014570   0x00000014   Code   RO          832    i.IRQ070_Handler    hc32_ll_interrupts.o
    0x00014584   0x00014584   0x00000014   Code   RO          833    i.IRQ071_Handler    hc32_ll_interrupts.o
    0x00014598   0x00014598   0x00000014   Code   RO          834    i.IRQ072_Handler    hc32_ll_interrupts.o
    0x000145ac   0x000145ac   0x00000014   Code   RO          835    i.IRQ073_Handler    hc32_ll_interrupts.o
    0x000145c0   0x000145c0   0x00000014   Code   RO          836    i.IRQ074_Handler    hc32_ll_interrupts.o
    0x000145d4   0x000145d4   0x00000014   Code   RO          837    i.IRQ075_Handler    hc32_ll_interrupts.o
    0x000145e8   0x000145e8   0x00000014   Code   RO          838    i.IRQ076_Handler    hc32_ll_interrupts.o
    0x000145fc   0x000145fc   0x00000014   Code   RO          839    i.IRQ077_Handler    hc32_ll_interrupts.o
    0x00014610   0x00014610   0x00000014   Code   RO          840    i.IRQ078_Handler    hc32_ll_interrupts.o
    0x00014624   0x00014624   0x00000014   Code   RO          841    i.IRQ079_Handler    hc32_ll_interrupts.o
    0x00014638   0x00014638   0x00000014   Code   RO          842    i.IRQ080_Handler    hc32_ll_interrupts.o
    0x0001464c   0x0001464c   0x00000014   Code   RO          843    i.IRQ081_Handler    hc32_ll_interrupts.o
    0x00014660   0x00014660   0x00000014   Code   RO          844    i.IRQ082_Handler    hc32_ll_interrupts.o
    0x00014674   0x00014674   0x00000014   Code   RO          845    i.IRQ083_Handler    hc32_ll_interrupts.o
    0x00014688   0x00014688   0x00000014   Code   RO          846    i.IRQ084_Handler    hc32_ll_interrupts.o
    0x0001469c   0x0001469c   0x00000014   Code   RO          847    i.IRQ085_Handler    hc32_ll_interrupts.o
    0x000146b0   0x000146b0   0x00000014   Code   RO          848    i.IRQ086_Handler    hc32_ll_interrupts.o
    0x000146c4   0x000146c4   0x00000014   Code   RO          849    i.IRQ087_Handler    hc32_ll_interrupts.o
    0x000146d8   0x000146d8   0x00000014   Code   RO          850    i.IRQ088_Handler    hc32_ll_interrupts.o
    0x000146ec   0x000146ec   0x00000014   Code   RO          851    i.IRQ089_Handler    hc32_ll_interrupts.o
    0x00014700   0x00014700   0x00000014   Code   RO          852    i.IRQ090_Handler    hc32_ll_interrupts.o
    0x00014714   0x00014714   0x00000014   Code   RO          853    i.IRQ091_Handler    hc32_ll_interrupts.o
    0x00014728   0x00014728   0x00000014   Code   RO          854    i.IRQ092_Handler    hc32_ll_interrupts.o
    0x0001473c   0x0001473c   0x00000014   Code   RO          855    i.IRQ093_Handler    hc32_ll_interrupts.o
    0x00014750   0x00014750   0x00000014   Code   RO          856    i.IRQ094_Handler    hc32_ll_interrupts.o
    0x00014764   0x00014764   0x00000014   Code   RO          857    i.IRQ095_Handler    hc32_ll_interrupts.o
    0x00014778   0x00014778   0x00000014   Code   RO          858    i.IRQ096_Handler    hc32_ll_interrupts.o
    0x0001478c   0x0001478c   0x00000014   Code   RO          859    i.IRQ097_Handler    hc32_ll_interrupts.o
    0x000147a0   0x000147a0   0x00000014   Code   RO          860    i.IRQ098_Handler    hc32_ll_interrupts.o
    0x000147b4   0x000147b4   0x00000014   Code   RO          861    i.IRQ099_Handler    hc32_ll_interrupts.o
    0x000147c8   0x000147c8   0x00000014   Code   RO          862    i.IRQ100_Handler    hc32_ll_interrupts.o
    0x000147dc   0x000147dc   0x00000014   Code   RO          863    i.IRQ101_Handler    hc32_ll_interrupts.o
    0x000147f0   0x000147f0   0x00000014   Code   RO          864    i.IRQ102_Handler    hc32_ll_interrupts.o
    0x00014804   0x00014804   0x00000014   Code   RO          865    i.IRQ103_Handler    hc32_ll_interrupts.o
    0x00014818   0x00014818   0x00000014   Code   RO          866    i.IRQ104_Handler    hc32_ll_interrupts.o
    0x0001482c   0x0001482c   0x00000014   Code   RO          867    i.IRQ105_Handler    hc32_ll_interrupts.o
    0x00014840   0x00014840   0x00000014   Code   RO          868    i.IRQ106_Handler    hc32_ll_interrupts.o
    0x00014854   0x00014854   0x00000014   Code   RO          869    i.IRQ107_Handler    hc32_ll_interrupts.o
    0x00014868   0x00014868   0x00000014   Code   RO          870    i.IRQ108_Handler    hc32_ll_interrupts.o
    0x0001487c   0x0001487c   0x00000014   Code   RO          871    i.IRQ109_Handler    hc32_ll_interrupts.o
    0x00014890   0x00014890   0x00000014   Code   RO          872    i.IRQ110_Handler    hc32_ll_interrupts.o
    0x000148a4   0x000148a4   0x00000014   Code   RO          873    i.IRQ111_Handler    hc32_ll_interrupts.o
    0x000148b8   0x000148b8   0x00000014   Code   RO          874    i.IRQ112_Handler    hc32_ll_interrupts.o
    0x000148cc   0x000148cc   0x00000014   Code   RO          875    i.IRQ113_Handler    hc32_ll_interrupts.o
    0x000148e0   0x000148e0   0x00000014   Code   RO          876    i.IRQ114_Handler    hc32_ll_interrupts.o
    0x000148f4   0x000148f4   0x00000014   Code   RO          877    i.IRQ115_Handler    hc32_ll_interrupts.o
    0x00014908   0x00014908   0x00000014   Code   RO          878    i.IRQ116_Handler    hc32_ll_interrupts.o
    0x0001491c   0x0001491c   0x00000014   Code   RO          879    i.IRQ117_Handler    hc32_ll_interrupts.o
    0x00014930   0x00014930   0x00000014   Code   RO          880    i.IRQ118_Handler    hc32_ll_interrupts.o
    0x00014944   0x00014944   0x00000014   Code   RO          881    i.IRQ119_Handler    hc32_ll_interrupts.o
    0x00014958   0x00014958   0x00000014   Code   RO          882    i.IRQ120_Handler    hc32_ll_interrupts.o
    0x0001496c   0x0001496c   0x00000014   Code   RO          883    i.IRQ121_Handler    hc32_ll_interrupts.o
    0x00014980   0x00014980   0x00000014   Code   RO          884    i.IRQ122_Handler    hc32_ll_interrupts.o
    0x00014994   0x00014994   0x00000014   Code   RO          885    i.IRQ123_Handler    hc32_ll_interrupts.o
    0x000149a8   0x000149a8   0x00000014   Code   RO          886    i.IRQ124_Handler    hc32_ll_interrupts.o
    0x000149bc   0x000149bc   0x00000014   Code   RO          887    i.IRQ125_Handler    hc32_ll_interrupts.o
    0x000149d0   0x000149d0   0x00000014   Code   RO          888    i.IRQ126_Handler    hc32_ll_interrupts.o
    0x000149e4   0x000149e4   0x00000014   Code   RO          889    i.IRQ127_Handler    hc32_ll_interrupts.o
    0x000149f8   0x000149f8   0x0000002c   Code   RO         3501    i.Key_Init          main.o
    0x00014a24   0x00014a24   0x00000050   Code   RO         3502    i.Key_Read          main.o
    0x00014a74   0x00014a74   0x00000090   Code   RO            4    i.LL_PERIPH_WE      hc32_ll.o
    0x00014b04   0x00014b04   0x000000a8   Code   RO         2319    i.LL_PrintfInit     hc32_ll_utility.o
    0x00014bac   0x00014bac   0x00000054   Code   RO         3759    i.Master_Initialize  i2c.o
    0x00014c00   0x00014c00   0x00000078   Code   RO         1644    i.PWC_HighSpeedToHighPerformance  hc32_ll_pwc.o
    0x00014c78   0x00014c78   0x00000018   Code   RO            7    i.PWC_REG_Unlock    hc32_ll.o
    0x00014c90   0x00014c90   0x00000034   Code   RO         3812    i.RX_DMA_TC_IrqCallback  uart_dma.o
    0x00014cc4   0x00014cc4   0x00000044   Code   RO         3669    i.Read_ASW2         flash.o
    0x00014d08   0x00014d08   0x00000044   Code   RO         3670    i.Read_AVSW         flash.o
    0x00014d4c   0x00014d4c   0x0000000c   Code   RO         3926    i.Reser_Status      videoprocess.o
    0x00014d58   0x00014d58   0x000000ec   Code   RO         1987    i.SRAM_SetWaitCycle  hc32_ll_sram.o
    0x00014e44   0x00014e44   0x00000330   Code   RO          176    i.SetSysClockDiv    hc32_ll_clk.o
    0x00015174   0x00015174   0x00000108   Code   RO          177    i.SetSysClockSrc    hc32_ll_clk.o
    0x0001527c   0x0001527c   0x00000048   Code   RO         3927    i.Signal_led        videoprocess.o
    0x000152c4   0x000152c4   0x00000284   Code   RO         2045    i.SmartCard_CalculateBrr  hc32_ll_usart.o
    0x00015548   0x00015548   0x000000cc   Code   RO         4057    i.SystemCoreClockUpdate  system_hc32f460.o
    0x00015614   0x00015614   0x00000024   Code   RO         4058    i.SystemInit        system_hc32f460.o
    0x00015638   0x00015638   0x000000ec   Code   RO         3294    i.TMR02_A_Config    ev_hc32f460_lqfp100_v2.o
    0x00015724   0x00015724   0x000001ac   Code   RO         3295    i.TMR0_CHA_CompareIrqCallback  ev_hc32f460_lqfp100_v2.o
    0x000158d0   0x000158d0   0x00000080   Code   RO         2474    i.TMR0_ClearStatus  hc32_ll_tmr0.o
    0x00015950   0x00015950   0x00000088   Code   RO         3813    i.TMR0_Config       uart_dma.o
    0x000159d8   0x000159d8   0x000000ac   Code   RO         2480    i.TMR0_HWClearCondCmd  hc32_ll_tmr0.o
    0x00015a84   0x00015a84   0x000000ac   Code   RO         2481    i.TMR0_HWStartCondCmd  hc32_ll_tmr0.o
    0x00015b30   0x00015b30   0x000000ac   Code   RO         2482    i.TMR0_HWStopCondCmd  hc32_ll_tmr0.o
    0x00015bdc   0x00015bdc   0x00000154   Code   RO         2483    i.TMR0_Init         hc32_ll_tmr0.o
    0x00015d30   0x00015d30   0x000000a0   Code   RO         2484    i.TMR0_IntCmd       hc32_ll_tmr0.o
    0x00015dd0   0x00015dd0   0x0000007c   Code   RO         2490    i.TMR0_Start        hc32_ll_tmr0.o
    0x00015e4c   0x00015e4c   0x00000080   Code   RO         2491    i.TMR0_Stop         hc32_ll_tmr0.o
    0x00015ecc   0x00015ecc   0x0000001a   Code   RO         2492    i.TMR0_StructInit   hc32_ll_tmr0.o
    0x00015ee6   0x00015ee6   0x00000002   PAD
    0x00015ee8   0x00015ee8   0x00000020   Code   RO         3814    i.TX_DMA_TC_IrqCallback  uart_dma.o
    0x00015f08   0x00015f08   0x0000028c   Code   RO         2046    i.UART_CalculateBrr  hc32_ll_usart.o
    0x00016194   0x00016194   0x000000b4   Code   RO         2047    i.USART_ClearStatus  hc32_ll_usart.o
    0x00016248   0x00016248   0x000000c0   Code   RO         2055    i.USART_FuncCmd     hc32_ll_usart.o
    0x00016308   0x00016308   0x0000001c   Code   RO         2056    i.USART_GetBusClockFreq  hc32_ll_usart.o
    0x00016324   0x00016324   0x00000090   Code   RO         2060    i.USART_GetUsartClockFreq  hc32_ll_usart.o
    0x000163b4   0x000163b4   0x00000074   Code   RO         2063    i.USART_ReadData    hc32_ll_usart.o
    0x00016428   0x00016428   0x00000018   Code   RO         3815    i.USART_RxError_IrqCallback  uart_dma.o
    0x00016440   0x00016440   0x00000058   Code   RO         3816    i.USART_RxTimeout_IrqCallback  uart_dma.o
    0x00016498   0x00016498   0x00000118   Code   RO         2064    i.USART_SetBaudrate  hc32_ll_usart.o
    0x000165b0   0x000165b0   0x00000090   Code   RO         2065    i.USART_SetClockDiv  hc32_ll_usart.o
    0x00016640   0x00016640   0x0000003c   Code   RO         3817    i.USART_TxComplete_IrqCallback  uart_dma.o
    0x0001667c   0x0001667c   0x000001f8   Code   RO         2079    i.USART_UART_Init   hc32_ll_usart.o
    0x00016874   0x00016874   0x0000002e   Code   RO         2081    i.USART_UART_StructInit  hc32_ll_usart.o
    0x000168a2   0x000168a2   0x00000002   PAD
    0x000168a4   0x000168a4   0x000001b0   Code   RO         3671    i.Video_ReadNot2    flash.o
    0x00016a54   0x00016a54   0x0000000e   Code   RO         3929    i.Video_Sw          videoprocess.o
    0x00016a62   0x00016a62   0x00000002   PAD
    0x00016a64   0x00016a64   0x00000020   Code   RO         4425    i.__0printf$8       mc_w.l(printf8.o)
    0x00016a84   0x00016a84   0x00000028   Code   RO         4427    i.__0sprintf$8      mc_w.l(printf8.o)
    0x00016aac   0x00016aac   0x0000001c   Code   RO         3818    i.__NVIC_ClearPendingIRQ  uart_dma.o
    0x00016ac8   0x00016ac8   0x00000022   Code   RO         3819    i.__NVIC_EnableIRQ  uart_dma.o
    0x00016aea   0x00016aea   0x00000002   PAD
    0x00016aec   0x00016aec   0x00000028   Code   RO         3820    i.__NVIC_SetPriority  uart_dma.o
    0x00016b14   0x00016b14   0x0000000e   Code   RO         4526    i.__scatterload_copy  mc_w.l(handlers.o)
    0x00016b22   0x00016b22   0x00000002   Code   RO         4527    i.__scatterload_null  mc_w.l(handlers.o)
    0x00016b24   0x00016b24   0x0000000e   Code   RO         4528    i.__scatterload_zeroinit  mc_w.l(handlers.o)
    0x00016b32   0x00016b32   0x00000002   PAD
    0x00016b34   0x00016b34   0x00000410   Code   RO         4432    i._printf_core      mc_w.l(printf8.o)
    0x00016f44   0x00016f44   0x00000024   Code   RO         4433    i._printf_post_padding  mc_w.l(printf8.o)
    0x00016f68   0x00016f68   0x0000002e   Code   RO         4434    i._printf_pre_padding  mc_w.l(printf8.o)
    0x00016f96   0x00016f96   0x0000000a   Code   RO         4436    i._sputc            mc_w.l(printf8.o)
    0x00016fa0   0x00016fa0   0x000000ec   Code   RO         4104    i.cm_backtrace_call_stack  cm_backtrace.o
    0x0001708c   0x0001708c   0x0000028c   Code   RO         4106    i.cm_backtrace_fault  cm_backtrace.o
    0x00017318   0x00017318   0x0000002c   Code   RO         4107    i.cm_backtrace_firmware_info  cm_backtrace.o
    0x00017344   0x00017344   0x000000a4   Code   RO         3930    i.configure_video_encoder  videoprocess.o
    0x000173e8   0x000173e8   0x00000130   Code   RO         3931    i.detect_loop       videoprocess.o
    0x00017518   0x00017518   0x00000154   Code   RO         3932    i.detect_video_format  videoprocess.o
    0x0001766c   0x0001766c   0x00000030   Code   RO         4109    i.disassembly_ins_is_bl_blx  cm_backtrace.o
    0x0001769c   0x0001769c   0x000000dc   Code   RO         4110    i.dump_stack        cm_backtrace.o
    0x00017778   0x00017778   0x00000308   Code   RO         4111    i.fault_diagnosis   cm_backtrace.o
    0x00017a80   0x00017a80   0x00000018   Code   RO         2326    i.fputc             hc32_ll_utility.o
    0x00017a98   0x00017a98   0x00000334   Code   RO         3821    i.get_mode          uart_dma.o
    0x00017dcc   0x00017dcc   0x00000068   Code   RO         3760    i.i2c_init          i2c.o
    0x00017e34   0x00017e34   0x00000130   Code   RO         3504    i.main              main.o
    0x00017f64   0x00017f64   0x00000138   Code   RO         3672    i.mem_settings      flash.o
    0x0001809c   0x0001809c   0x00000098   Code   RO         4112    i.print_call_stack  cm_backtrace.o
    0x00018134   0x00018134   0x00000048   Code   RO         3933    i.set_ace           videoprocess.o
    0x0001817c   0x0001817c   0x00000090   Code   RO         3934    i.set_bcsh          videoprocess.o
    0x0001820c   0x0001820c   0x00000048   Code   RO         3935    i.set_double_line   videoprocess.o
    0x00018254   0x00018254   0x00000050   Code   RO         3936    i.set_input         videoprocess.o
    0x000182a4   0x000182a4   0x00000050   Code   RO         3937    i.set_smooth        videoprocess.o
    0x000182f4   0x000182f4   0x00000720   Code   RO         3822    i.signal_turn       uart_dma.o
    0x00018a14   0x00018a14   0x00000024   Code   RO         4113    i.statck_del_fpu_regs  cm_backtrace.o
    0x00018a38   0x00018a38   0x00000114   Code   RO         3823    i.uart_dma_init     uart_dma.o
    0x00018b4c   0x00018b4c   0x0000012c   Code   RO         3506    i.vd_Button_Init    main.o
    0x00018c78   0x00018c78   0x00000038   Code   RO         3938    i.video_Deinit      videoprocess.o
    0x00018cb0   0x00018cb0   0x00000124   Code   RO         3939    i.video_init        videoprocess.o
    0x00018dd4   0x00018dd4   0x00000010   Data   RO         2087    .constdata          hc32_ll_usart.o
    0x00018de4   0x00018de4   0x00000006   Data   RO         3941    .constdata          videoprocess.o
    0x00018dea   0x00018dea   0x00000002   PAD
    0x00018dec   0x00018dec   0x000000e0   Data   RO         4115    .constdata          cm_backtrace.o
    0x00018ecc   0x00018ecc   0x00000666   Data   RO         4116    .conststring        cm_backtrace.o
    0x00019532   0x00019532   0x00000002   PAD
    0x00019534   0x00019534   0x00000020   Data   RO         4524    Region$$Table       anon$$obj.o


    Execution Region RW_IRAM1 (Exec base: 0x1fff8000, Load base: 0x00019554, Size: 0x00001460, Max: 0x0002f000, ABSOLUTE, COMPRESSED[0x000000d8])

    Exec Addr    Load Addr    Size         Type   Attr      Idx    E Section Name        Object

    0x1fff8000   COMPRESSED   0x00000010   Data   RW         2327    .data               hc32_ll_utility.o
    0x1fff8010   COMPRESSED   0x00000001   Data   RW         3038    .data               hc32_ll_dma.o
    0x1fff8011   COMPRESSED   0x00000003   PAD
    0x1fff8014   COMPRESSED   0x0000001c   Data   RW         3296    .data               ev_hc32f460_lqfp100_v2.o
    0x1fff8030   COMPRESSED   0x0000000c   Data   RW         3508    .data               main.o
    0x1fff803c   COMPRESSED   0x00000004   Data   RW         3826    .data               uart_dma.o
    0x1fff8040   COMPRESSED   0x0000011e   Data   RW         3942    .data               videoprocess.o
    0x1fff815e   COMPRESSED   0x00000002   PAD
    0x1fff8160   COMPRESSED   0x00000008   Data   RW         4059    .data               system_hc32f460.o
    0x1fff8168   COMPRESSED   0x00000015   Data   RW         4117    .data               cm_backtrace.o
    0x1fff817d   COMPRESSED   0x00000003   PAD
    0x1fff8180   COMPRESSED   0x00000004   Data   RW         4207    .data               mc_w.l(stdout.o)
    0x1fff8184        -       0x00000200   Zero   RW          895    .bss                hc32_ll_interrupts.o
    0x1fff8384        -       0x00000100   Zero   RW         3673    .bss                flash.o
    0x1fff8484        -       0x00000214   Zero   RW         3825    .bss                uart_dma.o
    0x1fff8698        -       0x000001c8   Zero   RW         4114    .bss                cm_backtrace.o
    0x1fff8860        -       0x00000c00   Zero   RW         4095    STACK               startup_hc32f460.o


==============================================================================

Image component sizes


      Code (inc. data)   RO Data    RW Data    ZI Data      Debug   Object Name

      2164        400       1862         21        456      14526   cm_backtrace.o
        12          0          0          0          0        488   cmb_fault.o
      1400        106          0         28          0     342604   ev_hc32f460_lqfp100_v2.o
      1096        226          0          0        256       7836   flash.o
       168         32          0          0          0     321115   hc32_ll.o
       244         52          0          0          0        821   hc32_ll_aos.o
      2788        444          0          0          0      18506   hc32_ll_clk.o
      1998        516          0          1          0      11728   hc32_ll_dma.o
      1436        370          0          0          0      13324   hc32_ll_efm.o
       432        168          0          0          0       2231   hc32_ll_fcg.o
      1636        426          0          0          0      14161   hc32_ll_gpio.o
      3676       1324          0          0          0      19073   hc32_ll_i2c.o
      2792        640          0          0        512      80177   hc32_ll_interrupts.o
       120         52          0          0          0        661   hc32_ll_pwc.o
       236         54          0          0          0        888   hc32_ll_sram.o
      1422        460          0          0          0       8657   hc32_ll_tmr0.o
      3466        714         16          0          0      13675   hc32_ll_usart.o
       464        150          0         16          0       5664   hc32_ll_utility.o
       640         66          0          0          0       4097   i2c.o
       728         66          0         12          0     286912   main.o
        88         20        640          0       3072        864   startup_hc32f460.o
       254         42          0          8          0       2434   system_hc32f460.o
      3874        606          0          4        532      42000   uart_dma.o
      2284        592          6        286          0      13769   videoprocess.o

    ----------------------------------------------------------------------
     33434       7526       2560        384       4828    1226211   Object Totals
         0          0         32          0          0          0   (incl. Generated)
        16          0          4          8          0          0   (incl. Padding)

    ----------------------------------------------------------------------

      Code (inc. data)   RO Data    RW Data    ZI Data      Debug   Library Member Name

        86          0          0          0          0          0   __dczerorl2.o
         0          0          0          0          0          0   entry.o
         0          0          0          0          0          0   entry10a.o
         0          0          0          0          0          0   entry11a.o
         8          4          0          0          0          0   entry2.o
         4          0          0          0          0          0   entry5.o
         0          0          0          0          0          0   entry7b.o
         0          0          0          0          0          0   entry8b.o
         8          4          0          0          0          0   entry9a.o
        30          0          0          0          0          0   handlers.o
        36          8          0          0          0         68   init.o
         0          0          0          0          0          0   iusefp.o
        30          0          0          0          0         68   llshl.o
        32          0          0          0          0         68   llushr.o
        36          0          0          0          0         68   memcpya.o
        36          0          0          0          0        108   memseta.o
      1204         60          0          0          0        504   printf8.o
         0          0          0          4          0          0   stdout.o
        98          0          0          0          0         92   uldiv.o
        56          0          0          0          0         88   d2f.o
       222          0          0          0          0        100   ddiv.o
       186          0          0          0          0        176   depilogue.o
        26          0          0          0          0         76   dfltui.o
        24          0          0          0          0         76   dfltul.o
       110          0          0          0          0        168   fepilogue.o

    ----------------------------------------------------------------------
      2234         76          0          4          0       1660   Library Totals
         2          0          0          0          0          0   (incl. Padding)

    ----------------------------------------------------------------------

      Code (inc. data)   RO Data    RW Data    ZI Data      Debug   Library Name

      1608         76          0          4          0        976   mc_w.l
       624          0          0          0          0        684   mf_w.l

    ----------------------------------------------------------------------
      2234         76          0          4          0       1660   Library Totals

    ----------------------------------------------------------------------

==============================================================================


      Code (inc. data)   RO Data    RW Data    ZI Data      Debug   

     35668       7602       2560        388       4828    1198223   Grand Totals
     35668       7602       2560        216       4828    1198223   ELF Image Totals (compressed)
     35668       7602       2560        216          0          0   ROM Totals

==============================================================================

    Total RO  Size (Code + RO Data)                38228 (  37.33kB)
    Total RW  Size (RW Data + ZI Data)              5216 (   5.09kB)
    Total ROM Size (Code + RO Data + RW Data)      38444 (  37.54kB)

==============================================================================

